<html>
<body>
<pre>
<h1>µVision Build Log</h1>
<h2>Project:</h2>
E:\test git\test\Blinky.uvprojx
Project File Date:  09/25/2019

<h2>Output:</h2>
Build target 'LPC1857 Flash'
compiling Blinky.c...
compiling LED_MCB1800.c...
compiling RTX_Conf_CM.c...
compiling GPIO_LPC18xx.c...
compiling SCU_LPC18xx.c...
assembling startup_LPC18xx.s...
compiling system_LPC18xx.c...
linking...
Program Size: Code=9832 RO-data=1068 RW-data=104 ZI-data=4752  
After Build - User command #1: C:\Keil_v5\\ARM\BIN\ElfDwT.exe .\Flash\Blinky.axf BASEADDRESS(0x1A000000)
ELFDWT - Signature Creator V1.1
COPYRIGHT Keil - An ARM Company, Copyright (C) 2012
*** Updated Signature over Range[32] (0x1A000000 - 0x1A000018): @0x1A00001C = 0x53FFAEFE
*** Processing completed, no Errors.
".\Flash\Blinky.axf" - 0 Error(s), 0 Warning(s).

<h2>Software Packages used:</h2>

Package Vendor: ARM
                http://www.keil.com/pack/ARM.CMSIS.4.1.0.pack
                ::CMSIS:RTOS:1.0 (API)
                CMSIS (Cortex Microcontroller Software Interface Standard)
   * Component: RTOS Version: 1.0
   * Component: CORE Version: 3.30.0
   * Component: Keil RTX Version: 4.74.0

Package Vendor: Keil
                http://www.keil.com/pack/Keil.LPC1800_DFP.2.4.0.pack
                Keil::Device:Startup:1.0.0
                NXP LPC1800 Series Device Support, Drivers and Examples
   * Component: Startup Version: 1.0.0
   * Component: SCU Version: 1.00
   * Component: GPIO Version: 1.00
   * Component: LED Version: 1.0.0

Package Vendor: Keil
                http://www.keil.com/pack/Keil.MDK-Middleware.6.0.0.pack
                ::Board Support:LED:1.00 (API)
                Keil MDK-ARM Professional Middleware for ARM Cortex-M based devices
   * Component: LED Version: 1.00

<h2>Collection of Component include folders:</h2>
  E:\test git\test\RTE
  E:\test git\test\RTE\Device\LPC1857
  C:\Keil_v5\ARM\PACK\ARM\CMSIS\4.1.0\CMSIS\Include
  C:\Keil_v5\ARM\PACK\ARM\CMSIS\4.1.0\CMSIS_RTX\INC
  C:\Keil_v5\ARM\PACK\Keil\LPC1800_DFP\2.4.0\Device\Include
  C:\Keil_v5\ARM\PACK\Keil\LPC1800_DFP\2.4.0\RTE_Driver
  C:\Keil_v5\ARM\PACK\Keil\MDK-Middleware\6.0.0\Board

<h2>Collection of Component Files used:</h2>

   * Component: ::CMSIS:RTOS:1.0 (API)

   * Component: ARM::CMSIS:CORE:3.30.0
      Source file:   CMSIS\UserCodeTemplates\ARM\ITM_Retarget.c

   * Component: ARM::CMSIS:RTOS:Keil RTX:4.74.0
      Include file:  CMSIS_RTX\INC\cmsis_os.h
      Source file:   CMSIS_RTX\Templates\RTX_Conf_CM.c
      Include file:  CMSIS_RTX\UserCodeTemplates\osObjects.h
      Source file:   CMSIS_RTX\UserCodeTemplates\main.c
      Source file:   CMSIS_RTX\UserCodeTemplates\MailQueue.c
      Source file:   CMSIS_RTX\UserCodeTemplates\MemPool.c
      Source file:   CMSIS_RTX\UserCodeTemplates\MsgQueue.c
      Source file:   CMSIS_RTX\UserCodeTemplates\Mutex.c
      Source file:   CMSIS_RTX\UserCodeTemplates\Semaphore.c
      Source file:   CMSIS_RTX\UserCodeTemplates\Thread.c
      Source file:   CMSIS_RTX\SRC\ARM\SVC_Table.s
      Library file:  CMSIS_RTX\LIB\ARM\RTX_CM3.lib

   * Component: Keil::Device:Startup:1.0.0
      Source file:   Device\Source\ARM\startup_LPC18xx.s
      Source file:   Device\Source\system_LPC18xx.c
      Include file:  RTE_Driver\Config\RTE_Device.h

   * Component: Keil::Device:SCU:1.00
      Include file:  RTE_Driver\SCU_LPC18xx.h
      Source file:   RTE_Driver\SCU_LPC18xx.c

   * Component: Keil::Device:GPIO:1.00
      Include file:  RTE_Driver\GPIO_LPC18xx.h
      Source file:   RTE_Driver\GPIO_LPC18xx.c

   * Component: Keil.MCB1800::Board Support:LED:1.0.0
      Source file:   Boards\Keil\MCB1800\Common\LED_MCB1800.c

   * Component: ::Board Support:LED:1.00 (API)
      Include file:  Board\Board_LED.h
"git" status
On branch master
Your branch is up to date with 'origin/master'.
Changes not staged for commit:
  (use "git add <file>..." to update what will be committed)
  (use "git restore <file>..." to discard changes in working directory)
        modified:   Blinky.c
        modified:   Blinky.uvoptx
        modified:   Blinky.uvprojx
        modified:   Blinky_LPC1857 Flash.dep
        modified:   Flash/Blinky.axf
        modified:   Flash/Blinky.build_log.htm
        modified:   Flash/Blinky.htm
        modified:   Flash/Blinky.lnp
        modified:   Flash/Blinky.map
        modified:   Flash/Blinky.sct
        modified:   Flash/blinky.crf
        modified:   Flash/blinky.d
        modified:   Flash/blinky.o
        modified:   Flash/gpio_lpc18xx.d
        modified:   Flash/gpio_lpc18xx.o
        modified:   Flash/led_mcb1800.d
        modified:   Flash/led_mcb1800.o
        modified:   Flash/rtx_conf_cm.crf
        modified:   Flash/rtx_conf_cm.d
        modified:   Flash/rtx_conf_cm.o
        modified:   Flash/scu_lpc18xx.d
        modified:   Flash/scu_lpc18xx.o
        modified:   Flash/startup_lpc18xx.d
        modified:   Flash/startup_lpc18xx.lst
        modified:   Flash/startup_lpc18xx.o
        modified:   Flash/system_lpc18xx.crf
        modified:   Flash/system_lpc18xx.d
        modified:   Flash/system_lpc18xx.o
        modified:   RTE/RTE_Components.h
Untracked files:
  (use "git add <file>..." to include in what will be committed)
        Blinky.uvguix.Administrator
        Blinky.uvguix_Administrator.bak
        Blinky_uvoptx.bak
        Blinky_uvprojx.bak
        Flash/Blinky_sct.Bak
no changes added to commit (use "git add" and/or "git commit -a")
"git" gui citool
