<html>
<body>
<pre>
<h1>µVision Build Log</h1>
<h2>Project:</h2>
E:\apnt_279\RTX_Blinky\Blinky.uvprojx
Project File Date:  05/21/2015

<h2>Output:</h2>
Rebuild target 'LPC1857 Flash'
compiling Blinky.c...
compiling LED_MCB1800.c...
compiling RTX_Conf_CM.c...
assembling startup_LPC18xx.s...
compiling system_LPC18xx.c...
compiling GPIO_LPC18xx.c...
compiling SCU_LPC18xx.c...
linking...
Program Size: Code=9824 RO-data=1068 RW-data=104 ZI-data=4752  
After Build - User command #1: C:\Keil_v5\\ARM\BIN\ElfDwT.exe .\Flash\Blinky.axf BASEADDRESS(0x1A000000)
ELFDWT - Signature Creator V1.1
COPYRIGHT Keil - An ARM Company, Copy