Product: MDK-ARM Standard 5.10
Component: ARM Compiler 5.04 update 1 (build 49)
Tool: armlink [5040049]

==============================================================================

Section Cross References

    blinky.o(.text) refers to led_mcb1800.o(.text) for LED_On
    blinky.o(.text) refers to rt_cmsis.o(i.osSignalSet) for osSignalSet
    blinky.o(.text) refers to rt_cmsis.o(i.osDelay) for osDelay
    blinky.o(.text) refers to rt_cmsis.o(i.osSignalWait) for osSignalWait
    blinky.o(.text) refers to rt_cmsis.o(i.osThreadCreate) for osThreadCreate
    blinky.o(.text) refers to blinky.o(.data) for tid_clock
    blinky.o(.text) refers to blinky.o(.constdata) for os_thread_def_phaseA
    blinky.o(.constdata) refers to blinky.o(.text) for phaseA
    led_mcb1800.o(.text) refers to gpio_lpc18xx.o(.text) for GPIO_PortClock
    led_mcb1800.o(.text) refers to scu_lpc18xx.o(.text) for SCU_PinConfigure
    led_mcb1800.o(.text) refers to led_mcb1800.o(.constdata) for LED_PIN
    rtx_conf_cm.o(.emb_text) refers to sys_stackheap_outer.o(.text) for __user_setup_stackheap
    rtx_conf_cm.o(.emb_text) refers to libinit.o(.ARM.Collect$$libinit$$00000000) for __rt_lib_init
    rtx_conf_cm.o(.emb_text) refers to rt_cmsis.o(i.osKernelInitialize) for osKernelInitialize
    rtx_conf_cm.o(.emb_text) refers to rt_cmsis.o(i.osThreadCreate) for osThreadCreate
    rtx_conf_cm.o(.emb_text) refers to rt_cmsis.o(i.osKernelStart) for osKernelStart
    rtx_conf_cm.o(.emb_text) refers to exit.o(.text) for exit
    rtx_conf_cm.o(.emb_text) refers to rtx_conf_cm.o(.data) for os_thread_def_main
    rtx_conf_cm.o(.text) refers to rt_task.o(i.rt_tsk_self) for rt_tsk_self
    rtx_conf_cm.o(.text) refers to rt_mutex.o(i.rt_mut_init) for rt_mut_init
    rtx_conf_cm.o(.text) refers to rtx_conf_cm.o(.bss) for .bss
    rtx_conf_cm.o(.text) refers to libspace.o(.bss) for __libspace_start
    rtx_conf_cm.o(.text) refers to rtx_conf_cm.o(.data) for .data
    rtx_conf_cm.o(.text) refers to rt_mutex.o(i.rt_mut_wait) for rt_mut_wait
    rtx_conf_cm.o(.text) refers to rt_mutex.o(i.rt_mut_release) for rt_mut_release
    rtx_conf_cm.o(.constdata) refers to rt_cmsis.o(i.osTimerThread) for osTimerThread
    rtx_conf_cm.o(.constdata) refers to rtx_conf_cm.o(.bss) for os_messageQ_q_osTimerMessageQ
    rtx_conf_cm.o(.data) refers to blinky.o(.text) for main
    startup_lpc18xx.o(STACK) refers (Special) to heapauxi.o(.text) for __use_two_region_memory
    startup_lpc18xx.o(HEAP) refers (Special) to heapauxi.o(.text) for __use_two_region_memory
    startup_lpc18xx.o(RESET) refers (Special) to heapauxi.o(.text) for __use_two_region_memory
    startup_lpc18xx.o(RESET) refers to startup_lpc18xx.o(STACK) for __initial_sp
    startup_lpc18xx.o(RESET) refers to startup_lpc18xx.o(.text) for Reset_Handler
    startup_lpc18xx.o(RESET) refers to hal_cm3.o(.emb_text) for SVC_Handler
    startup_lpc18xx.o(.text) refers (Special) to heapauxi.o(.text) for __use_two_region_memory
    startup_lpc18xx.o(.text) refers to system_lpc18xx.o(.text) for SystemInit
    startup_lpc18xx.o(.text) refers to __main.o(!!!main) for __main
    startup_lpc18xx.o(.text) refers to startup_lpc18xx.o(HEAP) for Heap_Mem
    startup_lpc18xx.o(.text) refers to startup_lpc18xx.o(STACK) for Stack_Mem
    system_lpc18xx.o(.text) refers to lludivv7m.o(.text) for __aeabi_uldivmod
    system_lpc18xx.o(.text) refers to system_lpc18xx.o(.data) for SystemCoreClock
    system_lpc18xx.o(.text) refers to system_lpc18xx.o(.constdata) for emcdivby2_opc
    system_lpc18xx.o(.text) refers to system_lpc18xx.o(i.GetPLL1Param) for GetPLL1Param
    system_lpc18xx.o(.text) refers to startup_lpc18xx.o(RESET) for __Vectors
    rt_cmsis.o(i.isrMessagePut) refers to rt_mailbox.o(i.rt_mbx_check) for rt_mbx_check
    rt_cmsis.o(i.isrMessagePut) refers to rt_mailbox.o(i.isr_mbx_send) for isr_mbx_send
    rt_cmsis.o(i.osDelay) refers to rt_cmsis.o(i.svcDelay) for svcDelay
    rt_cmsis.o(i.osKernelInitialize) refers to rt_cmsis.o(i.svcKernelInitialize) for svcKernelInitialize
    rt_cmsis.o(i.osKernelRunning) refers to rt_cmsis.o(i.svcKernelRunning) for svcKernelRunning
    rt_cmsis.o(i.osKernelRunning) refers to rt_cmsis.o(.data) for .data
    rt_cmsis.o(i.osKernelStart) refers to rtx_conf_cm.o(.constdata) for os_flags
    rt_cmsis.o(i.osKernelStart) refers to rt_cmsis.o(i.svcKernelStart) for svcKernelStart
    rt_cmsis.o(i.osKernelSysTick) refers to rt_cmsis.o(i.svcKernelSysTick) for svcKernelSysTick
    rt_cmsis.o(i.osMailAlloc) refers to rt_cmsis.o(i.sysMailAlloc) for sysMailAlloc
    rt_cmsis.o(i.osMailCAlloc) refers to rt_cmsis.o(i.sysMailAlloc) for sysMailAlloc
    rt_cmsis.o(i.osMailCreate) refers to rt_cmsis.o(i.svcMailCreate) for svcMailCreate
    rt_cmsis.o(i.osMailCreate) refers to rt_cmsis.o(.data) for .data
    rt_cmsis.o(i.osMailFree) refers to rt_cmsis.o(i.sysMailFree) for sysMailFree
    rt_cmsis.o(i.osMailGet) refers to rt_cmsis.o(i.osMessageGet) for osMessageGet
[...]
    libinit.o(.ARM.Collect$$libinit$$00000000) refers (Special) to libinit2.o(.ARM.Collect$$libinit$$0000001D) for __rt_lib_init_fp_trap_1
    libinit.o(.ARM.Collect$$libinit$$00000000) refers (Special) to libinit2.o(.ARM.Collect$$libinit$$00000021) for __rt_lib_init_getenv_1
    libinit.o(.ARM.Collect$$libinit$$00000000) refers (Special) to libinit2.o(.ARM.Collect$$libinit$$00000008) for __rt_lib_init_heap_1
    libinit.o(.ARM.Collect$$libinit$$00000000) refers (Special) to libinit2.o(.ARM.Collect$$libinit$$0000000F) for __rt_lib_init_lc_collate_1
    libinit.o(.ARM.Collect$$libinit$$00000000) refers (Special) to libinit2.o(.ARM.Collect$$libinit$$00000011) for __rt_lib_init_lc_ctype_1
    libinit.o(.ARM.Collect$$libinit$$00000000) refers (Special) to libinit2.o(.ARM.Collect$$libinit$$00000013) for __rt_lib_init_lc_monetary_1
    libinit.o(.ARM.Collect$$libinit$$00000000) refers (Special) to libinit2.o(.ARM.Collect$$libinit$$00000015) for __rt_lib_init_lc_numeric_1
    libinit.o(.ARM.Collect$$libinit$$00000000) refers (Special) to libinit2.o(.ARM.Collect$$libinit$$00000017) for __rt_lib_init_lc_time_1
    libinit.o(.ARM.Collect$$libinit$$00000000) refers (Special) to libinit2.o(.ARM.Collect$$libinit$$0000000C) for __rt_lib_init_rand_1
    libinit.o(.ARM.Collect$$libinit$$00000000) refers (Special) to libinit2.o(.ARM.Collect$$libinit$$00000031) for __rt_lib_init_return
    libinit.o(.ARM.Collect$$libinit$$00000000) refers (Special) to libinit2.o(.ARM.Collect$$libinit$$0000001B) for __rt_lib_init_signal_1
    libinit.o(.ARM.Collect$$libinit$$00000000) refers (Special) to libinit2.o(.ARM.Collect$$libinit$$00000023) for __rt_lib_init_stdio_1
    libinit.o(.ARM.Collect$$libinit$$00000000) refers (Special) to libinit2.o(.ARM.Collect$$libinit$$0000000A) for __rt_lib_init_user_alloc_1
    __main.o(!!!main) refers to rtx_conf_cm.o(.emb_text) for __rt_entry
    rtexit.o(.ARM.Collect$$rtexit$$00000000) refers (Special) to rtexit2.o(.ARM.Collect$$rtexit$$00000004) for __rt_exit_exit
    rtexit.o(.ARM.Collect$$rtexit$$00000000) refers (Special) to rtexit2.o(.ARM.Collect$$rtexit$$00000003) for __rt_exit_ls
    rtexit.o(.ARM.Collect$$rtexit$$00000000) refers (Special) to rtexit2.o(.ARM.Collect$$rtexit$$00000002) for __rt_exit_prels_1
    rtexit.o(.ARM.exidx) refers (Special) to rtexit2.o(.ARM.Collect$$rtexit$$00000004) for __rt_exit_exit
    rtexit.o(.ARM.exidx) refers (Special) to rtexit2.o(.ARM.Collect$$rtexit$$00000003) for __rt_exit_ls
    rtexit.o(.ARM.exidx) refers (Special) to rtexit2.o(.ARM.Collect$$rtexit$$00000002) for __rt_exit_prels_1
    rtexit.o(.ARM.exidx) refers to rtexit.o(.ARM.Collect$$rtexit$$00000000) for .ARM.Collect$$rtexit$$00000000
    aeabi_ldiv0_sigfpe.o(.text) refers to rt_div0.o(.text) for __rt_div0
    libinit2.o(.ARM.Collect$$libinit$$0000000E) refers to libinit2.o(.ARM.Collect$$libinit$$0000000D) for .ARM.Collect$$libinit$$0000000D
    libinit2.o(.ARM.Collect$$libinit$$00000010) refers to libinit2.o(.ARM.Collect$$libinit$$0000000D) for .ARM.Collect$$libinit$$0000000D
    libinit2.o(.ARM.Collect$$libinit$$00000012) refers to libinit2.o(.ARM.Collect$$libinit$$0000000D) for .ARM.Collect$$libinit$$0000000D
    libinit2.o(.ARM.Collect$$libinit$$00000014) refers to libinit2.o(.ARM.Collect$$libinit$$0000000D) for .ARM.Collect$$libinit$$0000000D
    libinit2.o(.ARM.Collect$$libinit$$00000016) refers to libinit2.o(.ARM.Collect$$libinit$$0000000D) for .ARM.Collect$$libinit$$0000000D
    libinit2.o(.ARM.Collect$$libinit$$00000024) refers to argv_veneer.o(.emb_text) for __ARM_argv_veneer
    libinit2.o(.ARM.Collect$$libinit$$00000025) refers to argv_veneer.o(.emb_text) for __ARM_argv_veneer
    rtexit2.o(.ARM.Collect$$rtexit$$00000003) refers to libshutdown.o(.ARM.Collect$$libshutdown$$00000000) for __rt_lib_shutdown
    rtexit2.o(.ARM.Collect$$rtexit$$00000004) refers to sys_exit.o(.text) for _sys_exit
    rtexit2.o(.ARM.exidx) refers to rtexit2.o(.ARM.Collect$$rtexit$$00000001) for .ARM.Collect$$rtexit$$00000001
    rtexit2.o(.ARM.exidx) refers to rtexit2.o(.ARM.Collect$$rtexit$$00000003) for .ARM.Collect$$rtexit$$00000003
    rtexit2.o(.ARM.exidx) refers to rtexit2.o(.ARM.Collect$$rtexit$$00000004) for .ARM.Collect$$rtexit$$00000004
    rt_div0.o(.text) refers to defsig_fpe_outer.o(.text) for __rt_SIGFPE
    argv_veneer.o(.emb_text) refers to no_argv.o(.text) for __ARM_get_argv
    sys_exit.o(.text) refers (Special) to use_no_semi.o(.text) for __I$use$semihosting
    sys_exit.o(.text) refers (Special) to indicate_semi.o(.text) for __semihosting_library_function
    defsig_fpe_outer.o(.text) refers to defsig_fpe_inner.o(.text) for __rt_SIGFPE_inner
    defsig_fpe_outer.o(.text) refers to defsig_exit.o(.text) for __sig_exit
    defsig_fpe_formal.o(.text) refers to rt_raise.o(.text) for __rt_raise
    _get_argv_nomalloc.o(.text) refers (Special) to hrguard.o(.text) for __heap_region$guard
    _get_argv_nomalloc.o(.text) refers to defsig_rtmem_outer.o(.text) for __rt_SIGRTMEM
    _get_argv_nomalloc.o(.text) refers to sys_command.o(.text) for _sys_command_string
    libshutdown.o(.ARM.Collect$$libshutdown$$00000000) refers (Special) to libshutdown2.o(.ARM.Collect$$libshutdown$$00000006) for __rt_lib_shutdown_fp_trap_1
    libshutdown.o(.ARM.Collect$$libshutdown$$00000000) refers (Special) to libshutdown2.o(.ARM.Collect$$libshutdown$$0000000E) for __rt_lib_shutdown_heap_1
    libshutdown.o(.ARM.Collect$$libshutdown$$00000000) refers (Special) to libshutdown2.o(.ARM.Collect$$libshutdown$$0000000F) for __rt_lib_shutdown_return
    libshutdown.o(.ARM.Collect$$libshutdown$$00000000) refers (Special) to libshutdown2.o(.ARM.Collect$$libshutdown$$00000009) for __rt_lib_shutdown_signal_1
    libshutdown.o(.ARM.Collect$$libshutdown$$00000000) refers (Special) to libshutdown2.o(.ARM.Collect$$libshutdown$$00000003) for __rt_lib_shutdown_stdio_1
    libshutdown.o(.ARM.Collect$$libshutdown$$00000000) refers (Special) to libshutdown2.o(.ARM.Collect$$libshutdown$$0000000B) for __rt_lib_shutdown_user_alloc_1
    sys_command.o(.text) refers (Special) to use_no_semi.o(.text) for __I$use$semihosting
    sys_command.o(.text) refers (Special) to indicate_semi.o(.text) for __semihosting_library_function
    rt_raise.o(.text) refers to __raise.o(.text) for __raise
    rt_raise.o(.text) refers to sys_exit.o(.text) for _sys_exit
    defsig_exit.o(.text) refers to sys_exit.o(.text) for _sys_exit
    defsig_fpe_inner.o(.text) refers to defsig_general.o(.text) for __default_signal_display
    defsig_rtmem_outer.o(.text) refers to defsig_rtmem_inner.o(.text) for __rt_SIGRTMEM_inner
    defsig_rtmem_outer.o(.text) refers to defsig_exit.o(.text) for __sig_exit
    defsig_rtmem_formal.o(.text) refers to rt_raise.o(.text) for __rt_raise
    __raise.o(.text) refers to defsig.o(CL$$defsig) for __default_signal_handler
    defsig_general.o(.text) refers to sys_wrch.o(.text) for _ttywrch
    defsig_rtmem_inner.o(.text) refers to defsig_general.o(.text) for __default_signal_display
    sys_wrch.o(.text) refers (Special) to use_no_semi.o(.text) for __I$use$semihosting
    sys_wrch.o(.text) refers (Special) to indicate_semi.o(.text) for __semihosting_library_function
    defsig.o(CL$$defsig) refers to defsig_fpe_inner.o(.text) for __rt_SIGFPE_inner
    defsig.o(CL$$defsig) refers to defsig_rtmem_inner.o(.text) for __rt_SIGRTMEM_inner
    defsig_abrt_inner.o(.text) refers to defsig_general.o(.text) for __default_signal_display
    defsig_rtred_inner.o(.text) refers to defsig_general.o(.text) for __default_signal_display
    defsig_stak_inner.o(.text) refers to defsig_general.o(.text) for __default_signal_display
    defsig_pvfn_inner.o(.text) refers to defsig_general.o(.text) for __default_signal_display
    defsig_cppl_inner.o(.text) refers to defsig_general.o(.text) for __default_signal_display
    defsig_segv_inner.o(.text) refers to defsig_general.o(.text) for __default_signal_display
    defsig_other.o(.text) refers to defsig_general.o(.text) for __default_signal_display


==============================================================================

Removing Unused input sections from the image.

    Removing blinky.o(.rev16_text), (4 bytes).
    Removing blinky.o(.revsh_text), (4 bytes).
    Removing system_lpc18xx.o(.rev16_text), (4 bytes).
    Removing system_lpc18xx.o(.revsh_text), (4 bytes).
    Removing gpio_lpc18xx.o(.rev16_text), (4 bytes).
    Removing gpio_lpc18xx.o(.revsh_text), (4 bytes).
    Removing scu_lpc18xx.o(.rev16_text), (4 bytes).
    Removing scu_lpc18xx.o(.revsh_text), (4 bytes).
    Removing rt_cmsis.o(.rev16_text), (4 bytes).
    Removing rt_cmsis.o(.revsh_text), (4 bytes).
    Removing rt_cmsis.o(i.osKernelRunning), (36 bytes).
    Removing rt_cmsis.o(i.osKernelSysTick), (24 bytes).
    Removing rt_cmsis.o(i.osMailAlloc), (32 bytes).
    Removing rt_cmsis.o(i.osMailCAlloc), (32 bytes).
    Removing rt_cmsis.o(i.osMailCreate), (48 bytes).
    Removing rt_cmsis.o(i.osMailFree), (28 bytes).
    Removing rt_cmsis.o(i.osMailGet), (22 bytes).
    Removing rt_cmsis.o(i.osMailPut), (20 bytes).
    Removing rt_cmsis.o(i.osMessageCreate), (48 bytes).
    Removing rt_cmsis.o(i.osMessagePut), (24 bytes).
    Removing rt_cmsis.o(i.osMutexCreate), (48 bytes).
    Removing rt_cmsis.o(i.osMutexDelete), (24 bytes).
    Removing rt_cmsis.o(i.osMutexRelease), (24 bytes).
    Removing rt_cmsis.o(i.osMutexWait), (24 bytes).
    Removing rt_cmsis.o(i.osPoolAlloc), (36 bytes).
    Removing rt_cmsis.o(i.osPoolCAlloc), (36 bytes).
    Removing rt_cmsis.o(i.osPoolCreate), (48 bytes).
    Removing rt_cmsis.o(i.osPoolFree), (32 bytes).
    Removing rt_cmsis.o(i.osSemaphoreCreate), (48 bytes).
    Removing rt_cmsis.o(i.osSemaphoreDelete), (24 bytes).
    Removing rt_cmsis.o(i.osSemaphoreRelease), (60 bytes).
    Removing rt_cmsis.o(i.osSemaphoreWait), (24 bytes).
    Removing rt_cmsis.o(i.osSignalClear), (24 bytes).
    Removing rt_cmsis.o(i.osThreadGetId), (24 bytes).
    Removing rt_cmsis.o(i.osThreadGetPriority), (24 bytes).
    Removing rt_cmsis.o(i.osThreadSetPriority), (24 bytes).
    Removing rt_cmsis.o(i.osThreadTerminate), (24 bytes).
    Removing rt_cmsis.o(i.osThreadYield), (24 bytes).
    Removing rt_cmsis.o(i.osTimerCreate), (52 bytes).
    Removing rt_cmsis.o(i.osTimerDelete), (24 bytes).
    Removing rt_cmsis.o(i.osTimerStart), (24 bytes).
    Removing rt_cmsis.o(i.osTimerStop), (24 bytes).
    Removing rt_cmsis.o(i.osWait), (4 bytes).
    Removing rt_cmsis.o(i.os_resume), (12 bytes).
    Removing rt_cmsis.o(i.os_suspend), (12 bytes).
    Removing rt_cmsis.o(i.rt_clr_box), (20 bytes).
    Removing rt_cmsis.o(i.rt_timer_remove), (60 bytes).
    Removing rt_cmsis.o(i.svcKernelRunning), (12 bytes).
    Removing rt_cmsis.o(i.svcKernelSysTick), (56 bytes).
    Removing rt_cmsis.o(i.svcMailCreate), (66 bytes).
    Removing rt_cmsis.o(i.svcMessagePut), (54 bytes).
    Removing rt_cmsis.o(i.svcMutexCreate), (28 bytes).
    Removing rt_cmsis.o(i.svcMutexDelete), (26 bytes).
    Removing rt_cmsis.o(i.svcMutexRelease), (34 bytes).
    Removing rt_cmsis.o(i.svcMutexWait), (54 bytes).
    Removing rt_cmsis.o(i.svcPoolCreate), (40 bytes).
    Removing rt_cmsis.o(i.svcSemaphoreCreate), (36 bytes).
    Removing rt_cmsis.o(i.svcSemaphoreDelete), (26 bytes).
    Removing rt_cmsis.o(i.svcSemaphoreRelease), (40 bytes).
    Removing rt_cmsis.o(i.svcSemaphoreWait), (50 bytes).
    Removing rt_cmsis.o(i.svcSignalClear), (36 bytes).
    Removing rt_cmsis.o(i.svcThreadGetPriority), (18 bytes).
    Removing rt_cmsis.o(i.svcThreadSetPriority), (46 bytes).
    Removing rt_cmsis.o(i.svcThreadYield), (10 bytes).
    Removing rt_cmsis.o(i.svcTimerCreate), (56 bytes).
    Removing rt_cmsis.o(i.svcTimerDelete), (40 bytes).
    Removing rt_cmsis.o(i.svcTimerStart), (72 bytes).
    Removing rt_cmsis.o(i.svcTimerStop), (36 bytes).
    Removing rt_cmsis.o(i.sysMailAlloc), (112 bytes).
    Removing rt_cmsis.o(i.sysMailFree), (96 bytes).
    Removing rt_cmsis.o(i.sysPoolAlloc), (32 bytes).
    Removing rt_cmsis.o(i.sysPoolFree), (20 bytes).
    Removing rt_cmsis.o(i.sysUserTimerUpdate), (48 bytes).
    Removing rt_cmsis.o(i.sysUserTimerWakeupTime), (20 bytes).
    Removing rt_task.o(i.rt_tsk_pass), (48 bytes).
    Removing rt_mutex.o(i.rt_mut_delete), (176 bytes).
    Removing rt_system.o(.emb_text), (0 bytes).
    Removing rt_system.o(i.os_tick_ovf), (16 bytes).
    Removing rt_system.o(i.os_tick_val), (20 bytes).
    Removing rt_system.o(i.rt_resume), (136 bytes).
    Removing rt_system.o(i.rt_suspend), (36 bytes).
    Removing rt_system.o(i.rt_tsk_lock), (80 bytes).
    Removing rt_system.o(i.rt_tsk_unlock), (80 bytes).
    Removing rt_event.o(i.rt_evt_clr), (28 bytes).
    Removing rt_event.o(i.rt_evt_get), (12 bytes).
    Removing rt_list.o(i.rt_get_same_rdy_prio), (36 bytes).
    Removing rt_mailbox.o(i.rt_mbx_send), (152 bytes).
    Removing rt_semaphore.o(i.isr_sem_send), (16 bytes).
    Removing rt_semaphore.o(i.rt_sem_delete), (92 bytes).
    Removing rt_semaphore.o(i.rt_sem_init), (12 bytes).
    Removing rt_semaphore.o(i.rt_sem_send), (42 bytes).
    Removing rt_semaphore.o(i.rt_sem_wait), (64 bytes).
    Removing rt_time.o(i.rt_itv_set), (24 bytes).
    Removing rt_time.o(i.rt_itv_wait), (44 bytes).
    Removing rt_time.o(i.rt_time_get), (12 bytes).
    Removing rt_membox.o(i._calloc_box), (30 bytes).

96 unused section(s) (total 3478 bytes) removed from the image.

==============================================================================

Image Symbol Table

    Local Symbols

    Symbol Name                              Value     Ov Type        Size  Object(Section)

    ../clib/angel/boardlib.s                 0x00000000   Number         0  boardshut.o ABSOLUTE
    ../clib/angel/handlers.s                 0x00000000   Number         0  __scatter_copy.o ABSOLUTE
    ../clib/angel/handlers.s                 0x00000000   Number         0  __scatter_zi.o ABSOLUTE
    ../clib/angel/kernel.s                   0x00000000   Number         0  rtexit2.o ABSOLUTE
    ../clib/angel/kernel.s                   0x00000000   Number         0  rtexit.o ABSOLUTE
    ../clib/angel/rt.s                       0x00000000   Number         0  rt_raise.o ABSOLUTE
    ../clib/angel/rt.s                       0x00000000   Number         0  aeabi_ldiv0.o ABSOLUTE
    ../clib/angel/rt.s                       0x00000000   Number         0  aeabi_ldiv0_sigfpe.o ABSOLUTE
    ../clib/angel/rt.s                       0x00000000   Number         0  rt_div0.o ABSOLUTE
    ../clib/angel/scatter.s                  0x00000000   Number         0  __scatter.o ABSOLUTE
    ../clib/angel/startup.s                  0x00000000   Number         0  __main.o ABSOLUTE
    ../clib/angel/sys.s                      0x00000000   Number         0  sys_stackheap_outer.o ABSOLUTE
    ../clib/angel/sys.s                      0x00000000   Number         0  libspace.o ABSOLUTE
    ../clib/angel/sys.s                      0x00000000   Number         0  use_no_semi.o ABSOLUTE
    ../clib/angel/sys.s                      0x00000000   Number         0  indicate_semi.o ABSOLUTE
    ../clib/angel/sysapp.c                   0x00000000   Number         0  sys_command.o ABSOLUTE
    ../clib/angel/sysapp.c                   0x00000000   Number         0  sys_wrch.o ABSOLUTE
    ../clib/angel/sysapp.c                   0x00000000   Number         0  sys_exit.o ABSOLUTE
    ../clib/armsys.c                         0x00000000   Number         0  argv_veneer.o ABSOLUTE
    ../clib/armsys.c                         0x00000000   Number         0  _get_argv_nomalloc.o ABSOLUTE
    ../clib/armsys.c                         0x00000000   Number         0  no_argv.o ABSOLUTE
    ../clib/armsys.c                         0x00000000   Number         0  argv_veneer.o ABSOLUTE
    ../clib/heapalloc.c                      0x00000000   Number         0  hrguard.o ABSOLUTE
    ../clib/heapaux.c                        0x00000000   Number         0  heapauxi.o ABSOLUTE
    ../clib/libinit.s                        0x00000000   Number         0  libshutdown.o ABSOLUTE
    ../clib/libinit.s                        0x00000000   Number         0  libinit.o ABSOLUTE
    ../clib/libinit.s                        0x00000000   Number         0  libinit2.o ABSOLUTE
    ../clib/libinit.s                        0x00000000   Number         0  libshutdown2.o ABSOLUTE
    ../clib/longlong.s                       0x00000000   Number         0  lludivv7m.o ABSOLUTE
    ../clib/signal.c                         0x00000000   Number         0  defsig_segv_inner.o ABSOLUTE
    ../clib/signal.c                         0x00000000   Number         0  defsig_cppl_inner.o ABSOLUTE
    ../clib/signal.c                         0x00000000   Number         0  defsig_rtmem_formal.o ABSOLUTE
    ../clib/signal.c                         0x00000000   Number         0  defsig_exit.o ABSOLUTE
    ../clib/signal.c                         0x00000000   Number         0  defsig_pvfn_inner.o ABSOLUTE
    ../clib/signal.c                         0x00000000   Number         0  defsig_other.o ABSOLUTE
    ../clib/signal.c                         0x00000000   Number         0  defsig_abrt_inner.o ABSOLUTE
    ../clib/signal.c                         0x00000000   Number         0  defsig_rtred_inner.o ABSOLUTE
    ../clib/signal.c                         0x00000000   Number         0  defsig_stak_inner.o ABSOLUTE
    ../clib/signal.c                         0x00000000   Number         0  defsig_rtmem_inner.o ABSOLUTE
    ../clib/signal.c                         0x00000000   Number         0  defsig_fpe_formal.o ABSOLUTE
    ../clib/signal.c                         0x00000000   Number         0  defsig_fpe_outer.o ABSOLUTE
    ../clib/signal.c                         0x00000000   Number         0  defsig_general.o ABSOLUTE
    ../clib/signal.c                         0x00000000   Number         0  __raise.o ABSOLUTE
    ../clib/signal.c                         0x00000000   Number         0  defsig_rtmem_outer.o ABSOLUTE
    ../clib/signal.c                         0x00000000   Number         0  defsig_fpe_inner.o ABSOLUTE
    ../clib/signal.s                         0x00000000   Number         0  defsig.o ABSOLUTE
    ../clib/stdlib.c                         0x00000000   Number         0  exit.o ABSOLUTE
    ../fplib/fpinit.s                        0x00000000   Number         0  fpinit.o ABSOLUTE
    ..\HAL_CM.c                              0x00000000   Number         0  hal_cm.o ABSOLUTE
    ..\\rt_CMSIS.c                           0x00000000   Number         0  rt_cmsis.o ABSOLUTE
    ..\\rt_System.c                          0x00000000   Number         0  rt_system.o ABSOLUTE
    ..\rt_CMSIS.c                            0x00000000   Number         0  rt_cmsis.o ABSOLUTE
    ..\rt_Event.c                            0x00000000   Number         0  rt_event.o ABSOLUTE
    ..\rt_List.c                             0x00000000   Number         0  rt_list.o ABSOLUTE
    ..\rt_Mailbox.c                          0x00000000   Number         0  rt_mailbox.o ABSOLUTE
    ..\rt_MemBox.c                           0x00000000   Number         0  rt_membox.o ABSOLUTE
    ..\rt_Memory.c                           0x00000000   Number         0  rt_memory.o ABSOLUTE
    ..\rt_Mutex.c                            0x00000000   Number         0  rt_mutex.o ABSOLUTE
    ..\rt_Robin.c                            0x00000000   Number         0  rt_robin.o ABSOLUTE
    ..\rt_Semaphore.c                        0x00000000   Number         0  rt_semaphore.o ABSOLUTE
    ..\rt_System.c                           0x00000000   Number         0  rt_system.o ABSOLUTE
    ..\rt_Task.c                             0x00000000   Number         0  rt_task.o ABSOLUTE
    ..\rt_Time.c                             0x00000000   Number         0  rt_time.o ABSOLUTE
    Blinky.c                                 0x00000000   Number         0  blinky.o ABSOLUTE
    Blinky.c                                 0x00000000   Number         0  blinky.o ABSOLUTE
    C:\Keil_v5\ARM\PACK\Keil\LPC1800_DFP\2.4.0\Boards\Keil\MCB1800\Common\LED_MCB1800.c 0x00000000   Number         0  led_mcb1800.o ABSOLUTE
    C:\Keil_v5\ARM\PACK\Keil\LPC1800_DFP\2.4.0\RTE_Driver\GPIO_LPC18xx.c 0x00000000   Number         0  gpio_lpc18xx.o ABSOLUTE
    C:\Keil_v5\ARM\PACK\Keil\LPC1800_DFP\2.4.0\RTE_Driver\SCU_LPC18xx.c 0x00000000   Number         0  scu_lpc18xx.o ABSOLUTE
    C:\\Keil_v5\\ARM\\PACK\\Keil\\LPC1800_DFP\\2.4.0\\RTE_Driver\\GPIO_LPC18xx.c 0x00000000   Number         0  gpio_lpc18xx.o ABSOLUTE
    C:\\Keil_v5\\ARM\\PACK\\Keil\\LPC1800_DFP\\2.4.0\\RTE_Driver\\SCU_LPC18xx.c 0x00000000   Number         0  scu_lpc18xx.o ABSOLUTE
    HAL_CM3.c                                0x00000000   Number         0  hal_cm3.o ABSOLUTE
    HAL_CM3.c                                0x00000000   Number         0  hal_cm3.o ABSOLUTE
    RTE\CMSIS\RTX_Conf_CM.c                  0x00000000   Number         0  rtx_conf_cm.o ABSOLUTE
    RTE\Device\LPC1857\startup_LPC18xx.s     0x00000000   Number         0  startup_lpc18xx.o ABSOLUTE
    RTE\Device\LPC1857\system_LPC18xx.c      0x00000000   Number         0  system_lpc18xx.o ABSOLUTE
    RTE\\CMSIS\\RTX_Conf_CM.c                0x00000000   Number         0  rtx_conf_cm.o ABSOLUTE
    RTE\\Device\\LPC1857\\system_LPC18xx.c   0x00000000   Number         0  system_lpc18xx.o ABSOLUTE
    SVC_Table.s                              0x00000000   Number         0  svc_table.o ABSOLUTE
    dc.s                                     0x00000000   Number         0  dc.o ABSOLUTE
    .data                                    0x10000000   Section       24  blinky.o(.data)
    .data                                    0x10000018   Section       36  rtx_conf_cm.o(.data)
    nr_mutex                                 0x10000028   Data           4  rtx_conf_cm.o(.data)
    .data                                    0x1000003c   Section        4  system_lpc18xx.o(.data)
    .data                                    0x10000040   Section        8  rt_cmsis.o(.data)
    .data                                    0x10000048   Section        8  rt_task.o(.data)
    .data                                    0x10000050   Section        8  rt_system.o(.data)
    os_lock                                  0x10000050   Data           1  rt_system.o(.data)
    os_psh_flag                              0x10000051   Data           1  rt_system.o(.data)
    pend_flags                               0x10000052   Data           1  rt_system.o(.data)
    .data                                    0x10000058   Section        4  rt_time.o(.data)
    .data                                    0x1000005c   Section        8  rt_robin.o(.data)
    .data                                    0x10000064   Section        1  hal_cm.o(.data)
    .bss                                     0x10000068   Section     3016  rtx_conf_cm.o(.bss)
    std_libspace                             0x10000910   Data         672  rtx_conf_cm.o(.bss)
    std_libmutex                             0x10000bb0   Data         128  rtx_conf_cm.o(.bss)
    .bss                                     0x10000c30   Section       52  rt_task.o(.bss)
    .bss                                     0x10000c64   Section       48  rt_list.o(.bss)
    .bss                                     0x10000c94   Section       96  libspace.o(.bss)
    HEAP                                     0x10000cf8   Section      512  startup_lpc18xx.o(HEAP)
    Heap_Mem                                 0x10000cf8   Data         512  startup_lpc18xx.o(HEAP)
    STACK                                    0x10000ef8   Section     1024  startup_lpc18xx.o(STACK)
    Stack_Mem                                0x10000ef8   Data        1024  startup_lpc18xx.o(STACK)
    __initial_sp                             0x100012f8   Data           0  startup_lpc18xx.o(STACK)
    RESET                                    0x1a000000   Section      768  startup_lpc18xx.o(RESET)
    !!!main                                  0x1a000300   Section        8  __main.o(!!!main)
    !!!scatter                               0x1a000308   Section       52  __scatter.o(!!!scatter)
    !!handler_copy                           0x1a00033c   Section       26  __scatter_copy.o(!!handler_copy)
    !!handler_zi                             0x1a000358   Section       28  __scatter_zi.o(!!handler_zi)
    .ARM.Collect$$libinit$$00000000          0x1a000374   Section        2  libinit.o(.ARM.Collect$$libinit$$00000000)
    .ARM.Collect$$libinit$$00000002          0x1a000376   Section        0  libinit2.o(.ARM.Collect$$libinit$$00000002)
    .ARM.Collect$$libinit$$00000008          0x1a000376   Section        0  libinit2.o(.ARM.Collect$$libinit$$00000008)
    .ARM.Collect$$libinit$$0000000A          0x1a000376   Section        0  libinit2.o(.ARM.Collect$$libinit$$0000000A)
    .ARM.Collect$$libinit$$0000000C          0x1a000376   Section        0  libinit2.o(.ARM.Collect$$libinit$$0000000C)
    .ARM.Collect$$libinit$$0000000F          0x1a000376   Section        0  libinit2.o(.ARM.Collect$$libinit$$0000000F)
    .ARM.Collect$$libinit$$00000011          0x1a000376   Section        0  libinit2.o(.ARM.Collect$$libinit$$00000011)
    .ARM.Collect$$libinit$$00000013          0x1a000376   Section        0  libinit2.o(.ARM.Collect$$libinit$$00000013)
    .ARM.Collect$$libinit$$00000015          0x1a000376   Section        0  libinit2.o(.ARM.Collect$$libinit$$00000015)
    .ARM.Collect$$libinit$$00000017          0x1a000376   Section        0  libinit2.o(.ARM.Collect$$libinit$$00000017)
    .ARM.Collect$$libinit$$00000019          0x1a000376   Section        0  libinit2.o(.ARM.Collect$$libinit$$00000019)
    .ARM.Collect$$libinit$$0000001B          0x1a000376   Section        0  libinit2.o(.ARM.Collect$$libinit$$0000001B)
    .ARM.Collect$$libinit$$0000001D          0x1a000376   Section        0  libinit2.o(.ARM.Collect$$libinit$$0000001D)
    .ARM.Collect$$libinit$$0000001F          0x1a000376   Section        0  libinit2.o(.ARM.Collect$$libinit$$0000001F)
    .ARM.Collect$$libinit$$00000021          0x1a000376   Section        0  libinit2.o(.ARM.Collect$$libinit$$00000021)
    .ARM.Collect$$libinit$$00000023          0x1a000376   Section        0  libinit2.o(.ARM.Collect$$libinit$$00000023)
    .ARM.Collect$$libinit$$0000002A          0x1a000376   Section        0  libinit2.o(.ARM.Collect$$libinit$$0000002A)
    .ARM.Collect$$libinit$$0000002C          0x1a000376   Section        0  libinit2.o(.ARM.Collect$$libinit$$0000002C)
    .ARM.Collect$$libinit$$0000002E          0x1a000376   Section        0  libinit2.o(.ARM.Collect$$libinit$$0000002E)
    .ARM.Collect$$libinit$$00000030          0x1a000376   Section        0  libinit2.o(.ARM.Collect$$libinit$$00000030)
    .ARM.Collect$$libinit$$00000031          0x1a000376   Section        2  libinit2.o(.ARM.Collect$$libinit$$00000031)
    .ARM.Collect$$libshutdown$$00000000      0x1a000378   Section        2  libshutdown.o(.ARM.Collect$$libshutdown$$00000000)
    .ARM.Collect$$libshutdown$$00000003      0x1a00037a   Section        0  libshutdown2.o(.ARM.Collect$$libshutdown$$00000003)
    .ARM.Collect$$libshutdown$$00000006      0x1a00037a   Section        0  libshutdown2.o(.ARM.Collect$$libshutdown$$00000006)
    .ARM.Collect$$libshutdown$$00000009      0x1a00037a   Section        0  libshutdown2.o(.ARM.Collect$$libshutdown$$00000009)
    .ARM.Collect$$libshutdown$$0000000B      0x1a00037a   Section        0  libshutdown2.o(.ARM.Collect$$libshutdown$$0000000B)
    .ARM.Collect$$libshutdown$$0000000E      0x1a00037a   Section        0  libshutdown2.o(.ARM.Collect$$libshutdown$$0000000E)
    .ARM.Collect$$libshutdown$$0000000F      0x1a00037a   Section        2  libshutdown2.o(.ARM.Collect$$libshutdown$$0000000F)
    .ARM.Collect$$rtexit$$00000000           0x1a00037c   Section        2  rtexit.o(.ARM.Collect$$rtexit$$00000000)
    .ARM.Collect$$rtexit$$00000002           0x1a00037e   Section        0  rtexit2.o(.ARM.Collect$$rtexit$$00000002)
    .ARM.Collect$$rtexit$$00000003           0x1a00037e   Section        4  rtexit2.o(.ARM.Collect$$rtexit$$00000003)
    .ARM.Collect$$rtexit$$00000004           0x1a000382   Section        6  rtexit2.o(.ARM.Collect$$rtexit$$00000004)
    .emb_text                                0x1a000388   Section       36  rtx_conf_cm.o(.emb_text)
    .emb_text                                0x1a0003ac   Section      304  hal_cm3.o(.emb_text)
    .text                                    0x1a0004dc   Section        0  blinky.o(.text)
    .text                                    0x1a000678   Section        0  led_mcb1800.o(.text)
    .text                                    0x1a000760   Section        0  rtx_conf_cm.o(.text)
    __tagsym$$used                           0x1a0007c1   Number         0  rtx_conf_cm.o(.text)
    __tagsym$$used                           0x1a0007db   Number         0  rtx_conf_cm.o(.text)
    .text                                    0x1a000808   Section       64  startup_lpc18xx.o(.text)
    .text                                    0x1a000848   Section        0  system_lpc18xx.o(.text)
    WaitUs                                   0x1a0009cf   Thumb Code    72  system_lpc18xx.o(.text)
    .text                                    0x1a001160   Section        0  gpio_lpc18xx.o(.text)
    .text                                    0x1a001230   Section        0  scu_lpc18xx.o(.text)
    .text                                    0x1a00139c   Section        8  libspace.o(.text)
    .text                                    0x1a0013a4   Section       74  sys_stackheap_outer.o(.text)
    .text                                    0x1a0013ee   Section      238  lludivv7m.o(.text)
    .text                                    0x1a0014dc   Section        0  exit.o(.text)
    .text                                    0x1a0014e8   Section        0  heapauxi.o(.text)
    .text                                    0x1a0014f0   Section        0  sys_exit.o(.text)
    .text                                    0x1a0014fc   Section        2  use_no_semi.o(.text)
    .text                                    0x1a0014fe   Section        0  indicate_semi.o(.text)
    SVC_TABLE                                0x1a001500   Section        4  svc_table.o(SVC_TABLE)
    i.GetPLL1Param                           0x1a001504   Section        0  system_lpc18xx.o(i.GetPLL1Param)
    i._init_box                              0x1a00154c   Section        0  rt_membox.o(i._init_box)
    i.dbg_init                               0x1a001594   Section        0  hal_cm.o(i.dbg_init)
    i.dbg_task_notify                        0x1a0015c4   Section        0  hal_cm.o(i.dbg_task_notify)
    i.dbg_task_switch                        0x1a0015e4   Section        0  hal_cm.o(i.dbg_task_switch)
    i.isrMessagePut                          0x1a0015f4   Section        0  rt_cmsis.o(i.isrMessagePut)
    isrMessagePut                            0x1a0015f5   Thumb Code    44  rt_cmsis.o(i.isrMessagePut)
    i.isr_evt_set                            0x1a001620   Section        0  rt_event.o(i.isr_evt_set)
    i.isr_mbx_receive                        0x1a001648   Section        0  rt_mailbox.o(i.isr_mbx_receive)
    i.isr_mbx_send                           0x1a001698   Section        0  rt_mailbox.o(i.isr_mbx_send)
    i.osDelay                                0x1a0016a8   Section        0  rt_cmsis.o(i.osDelay)
    i.osKernelInitialize                     0x1a0016c0   Section        0  rt_cmsis.o(i.osKernelInitialize)
    i.osKernelStart                          0x1a0016e4   Section        0  rt_cmsis.o(i.osKernelStart)
    i.osMessageGet                           0x1a001750   Section        0  rt_cmsis.o(i.osMessageGet)
    i.osSignalSet                            0x1a001794   Section        0  rt_cmsis.o(i.osSignalSet)
    i.osSignalWait                           0x1a0017c8   Section        0  rt_cmsis.o(i.osSignalWait)
    i.osThreadCreate                         0x1a0017e0   Section        0  rt_cmsis.o(i.osThreadCreate)
    i.osThreadExit                           0x1a001810   Section        0  rt_cmsis.o(i.osThreadExit)
    i.osTimerCall                            0x1a001828   Section        0  rt_cmsis.o(i.osTimerCall)
    i.osTimerThread                          0x1a001834   Section        0  rt_cmsis.o(i.osTimerThread)
    i.os_tick_init                           0x1a001860   Section        0  rt_system.o(i.os_tick_init)
    i.os_tick_irqack                         0x1a001888   Section        0  rt_system.o(i.os_tick_irqack)
    i.rt_alloc_box                           0x1a00188a   Section        0  rt_membox.o(i.rt_alloc_box)
    i.rt_alloc_mem                           0x1a0018a4   Section        0  rt_memory.o(i.rt_alloc_mem)
    i.rt_block                               0x1a0018e0   Section        0  rt_task.o(i.rt_block)
    i.rt_chk_robin                           0x1a001918   Section        0  rt_robin.o(i.rt_chk_robin)
    i.rt_dec_dly                             0x1a001960   Section        0  rt_list.o(i.rt_dec_dly)
    i.rt_dispatch                            0x1a0019d0   Section        0  rt_task.o(i.rt_dispatch)
    i.rt_dly_wait                            0x1a001a14   Section        0  rt_time.o(i.rt_dly_wait)
    i.rt_evt_psh                             0x1a001a1c   Section        0  rt_event.o(i.rt_evt_psh)
    i.rt_evt_set                             0x1a001a6c   Section        0  rt_event.o(i.rt_evt_set)
    i.rt_evt_wait                            0x1a001ac8   Section        0  rt_event.o(i.rt_evt_wait)
    i.rt_free_box                            0x1a001b04   Section        0  rt_membox.o(i.rt_free_box)
    i.rt_free_mem                            0x1a001b24   Section        0  rt_memory.o(i.rt_free_mem)
    i.rt_get_first                           0x1a001b4c   Section        0  rt_list.o(i.rt_get_first)
    i.rt_id2obj                              0x1a001b74   Section        0  rt_cmsis.o(i.rt_id2obj)
    rt_id2obj                                0x1a001b75   Thumb Code     8  rt_cmsis.o(i.rt_id2obj)
    i.rt_init_context                        0x1a001b7c   Section        0  rt_task.o(i.rt_init_context)
    rt_init_context                          0x1a001b7d   Thumb Code    66  rt_task.o(i.rt_init_context)
    i.rt_init_mem                            0x1a001bc4   Section        0  rt_memory.o(i.rt_init_mem)
    i.rt_init_robin                          0x1a001be0   Section        0  rt_robin.o(i.rt_init_robin)
    i.rt_init_stack                          0x1a001bf8   Section        0  hal_cm.o(i.rt_init_stack)
    i.rt_mbx_check                           0x1a001c48   Section        0  rt_mailbox.o(i.rt_mbx_check)
    i.rt_mbx_init                            0x1a001c50   Section        0  rt_mailbox.o(i.rt_mbx_init)
    i.rt_mbx_psh                             0x1a001c6c   Section        0  rt_mailbox.o(i.rt_mbx_psh)
    i.rt_mbx_wait                            0x1a001d5c   Section        0  rt_mailbox.o(i.rt_mbx_wait)
    i.rt_ms2tick                             0x1a001e0c   Section        0  rt_cmsis.o(i.rt_ms2tick)
    rt_ms2tick                               0x1a001e0d   Thumb Code    50  rt_cmsis.o(i.rt_ms2tick)
    i.rt_mut_init                            0x1a001e48   Section        0  rt_mutex.o(i.rt_mut_init)
    i.rt_mut_release                         0x1a001e58   Section        0  rt_mutex.o(i.rt_mut_release)
    i.rt_mut_wait                            0x1a001f30   Section        0  rt_mutex.o(i.rt_mut_wait)
    i.rt_pop_req                             0x1a001f98   Section        0  rt_system.o(i.rt_pop_req)
    i.rt_psh_req                             0x1a002014   Section        0  rt_system.o(i.rt_psh_req)
    i.rt_psq_enq                             0x1a002034   Section        0  rt_list.o(i.rt_psq_enq)
    i.rt_put_dly                             0x1a00208c   Section        0  rt_list.o(i.rt_put_dly)
    i.rt_put_prio                            0x1a0020d4   Section        0  rt_list.o(i.rt_put_prio)
    i.rt_put_rdy_first                       0x1a00210c   Section        0  rt_list.o(i.rt_put_rdy_first)
    i.rt_resort_prio                         0x1a002120   Section        0  rt_list.o(i.rt_resort_prio)
    i.rt_ret_val                             0x1a002154   Section        0  hal_cm.o(i.rt_ret_val)
    i.rt_ret_val2                            0x1a00215a   Section        0  hal_cm.o(i.rt_ret_val2)
    i.rt_rmv_dly                             0x1a002162   Section        0  rt_list.o(i.rt_rmv_dly)
    i.rt_rmv_list                            0x1a00218c   Section        0  rt_list.o(i.rt_rmv_list)
    i.rt_sem_psh                             0x1a0021bc   Section        0  rt_semaphore.o(i.rt_sem_psh)
    i.rt_stk_check                           0x1a0021f0   Section        0  rt_system.o(i.rt_stk_check)
    i.rt_switch_req                          0x1a002214   Section        0  rt_task.o(i.rt_switch_req)
    i.rt_sys_init                            0x1a00223c   Section        0  rt_task.o(i.rt_sys_init)
    i.rt_sys_start                           0x1a002348   Section        0  rt_task.o(i.rt_sys_start)
    i.rt_systick                             0x1a00237c   Section        0  rt_system.o(i.rt_systick)
    i.rt_tid2ptcb                            0x1a0023bc   Section        0  rt_cmsis.o(i.rt_tid2ptcb)
    rt_tid2ptcb                              0x1a0023bd   Thumb Code    18  rt_cmsis.o(i.rt_tid2ptcb)
    i.rt_timer_insert                        0x1a0023d0   Section        0  rt_cmsis.o(i.rt_timer_insert)
    rt_timer_insert                          0x1a0023d1   Thumb Code    50  rt_cmsis.o(i.rt_timer_insert)
    i.rt_tsk_create                          0x1a002408   Section        0  rt_task.o(i.rt_tsk_create)
    i.rt_tsk_delete                          0x1a00248c   Section        0  rt_task.o(i.rt_tsk_delete)
    i.rt_tsk_prio                            0x1a002600   Section        0  rt_task.o(i.rt_tsk_prio)
    i.rt_tsk_self                            0x1a00267c   Section        0  rt_task.o(i.rt_tsk_self)
    i.svcDelay                               0x1a00268c   Section        0  rt_cmsis.o(i.svcDelay)
    i.svcKernelInitialize                    0x1a0026a0   Section        0  rt_cmsis.o(i.svcKernelInitialize)
    i.svcKernelStart                         0x1a002710   Section        0  rt_cmsis.o(i.svcKernelStart)
    i.svcMessageCreate                       0x1a002758   Section        0  rt_cmsis.o(i.svcMessageCreate)
    i.svcMessageGet                          0x1a00277c   Section        0  rt_cmsis.o(i.svcMessageGet)
    i.svcSignalSet                           0x1a0027b6   Section        0  rt_cmsis.o(i.svcSignalSet)
    i.svcSignalWait                          0x1a0027dc   Section        0  rt_cmsis.o(i.svcSignalWait)
    i.svcThreadCreate                        0x1a002830   Section        0  rt_cmsis.o(i.svcThreadCreate)
    i.svcThreadGetId                         0x1a0028a0   Section        0  rt_cmsis.o(i.svcThreadGetId)
    i.svcThreadTerminate                     0x1a0028bc   Section        0  rt_cmsis.o(i.svcThreadTerminate)
    i.svcTimerCall                           0x1a0028f4   Section        0  rt_cmsis.o(i.svcTimerCall)
    i.sysTimerTick                           0x1a00290c   Section        0  rt_cmsis.o(i.sysTimerTick)
    .constdata                               0x1a002960   Section       80  blinky.o(.constdata)
    .constdata                               0x1a0029b0   Section       80  led_mcb1800.o(.constdata)
    .constdata                               0x1a002a00   Section       86  rtx_conf_cm.o(.constdata)
    __tagsym$$used                           0x1a002a1c   Number         0  rtx_conf_cm.o(.constdata)
    __tagsym$$used                           0x1a002a20   Number         0  rtx_conf_cm.o(.constdata)
    __tagsym$$used                           0x1a002a24   Number         0  rtx_conf_cm.o(.constdata)
    __tagsym$$used                           0x1a002a28   Number         0  rtx_conf_cm.o(.constdata)
    .constdata                               0x1a002a56   Section       20  system_lpc18xx.o(.constdata)

    Global Symbols

    Symbol Name                              Value     Ov Type        Size  Object(Section)

    BuildAttributes$$THM_ISAv4$P$D$K$B$S$PE$A:L22UL41UL21$X:L11$S22US41US21$IEEE1$IW$USESV6$~STKCKD$USESV7$~SHL$OSPACE$ROPI$EBA8$UX$STANDARDLIB$REQ8$PRES8$EABIv2 0x00000000   Number         0  anon$$obj.o ABSOLUTE
    __ARM_use_no_argv                        0x00000000   Number         0  blinky.o ABSOLUTE
    __ARM_exceptions_init                     - Undefined Weak Reference
    __alloca_initialize                       - Undefined Weak Reference
    __cpp_initialize__aeabi_                  - Undefined Weak Reference
    __cxa_finalize                            - Undefined Weak Reference
    __rt_locale                               - Undefined Weak Reference
    __sigvec_lookup                           - Undefined Weak Reference
    _atexit_init                              - Undefined Weak Reference
    _call_atexit_fns                          - Undefined Weak Reference
    _clock_init                               - Undefined Weak Reference
    _fp_trap_init                             - Undefined Weak Reference
    _fp_trap_shutdown                         - Undefined Weak Reference
    _get_lc_collate                           - Undefined Weak Reference
    _get_lc_ctype                             - Undefined Weak Reference
    _get_lc_monetary                          - Undefined Weak Reference
    _get_lc_numeric                           - Undefined Weak Reference
    _get_lc_time                              - Undefined Weak Reference
    _getenv_init                              - Undefined Weak Reference
    _handle_redirection                       - Undefined Weak Reference
    _init_alloc                               - Undefined Weak Reference
    _init_user_alloc                          - Undefined Weak Reference
    _initio                                   - Undefined Weak Reference
    _rand_init                                - Undefined Weak Reference
    _signal_finish                            - Undefined Weak Reference
    _signal_init                              - Undefined Weak Reference
    _terminate_alloc                          - Undefined Weak Reference
    _terminate_user_alloc                     - Undefined Weak Reference
    _terminateio                              - Undefined Weak Reference
    __RL_RTX_VER                             0x00000473   Number         0  rt_system.o ABSOLUTE
    tid_phaseA                               0x10000000   Data           4  blinky.o(.data)
    tid_phaseB                               0x10000004   Data           4  blinky.o(.data)
    tid_phaseC                               0x10000008   Data           4  blinky.o(.data)
    tid_phaseD                               0x1000000c   Data           4  blinky.o(.data)
    tid_clock                                0x10000010   Data           4  blinky.o(.data)
    tid_lcd                                  0x10000014   Data           4  blinky.o(.data)
    osThreadId_osTimerThread                 0x10000018   Data           4  rtx_conf_cm.o(.data)
    osMessageQId_osTimerMessageQ             0x1000001c   Data           4  rtx_conf_cm.o(.data)
    os_tmr                                   0x10000020   Data           4  rtx_conf_cm.o(.data)
    m_tmr                                    0x10000024   Data           4  rtx_conf_cm.o(.data)
    os_thread_def_main                       0x1000002c   Data          16  rtx_conf_cm.o(.data)
    SystemCoreClock                          0x1000003c   Data           4  system_lpc18xx.o(.data)
    os_initialized                           0x10000040   Data           1  rt_cmsis.o(.data)
    os_running                               0x10000041   Data           1  rt_cmsis.o(.data)
    os_timer_head                            0x10000044   Data           4  rt_cmsis.o(.data)
    os_tsk                                   0x10000048   Data           8  rt_task.o(.data)
    os_tick_irqn                             0x10000054   Data           4  rt_system.o(.data)
    os_time                                  0x10000058   Data           4  rt_time.o(.data)
    os_robin                                 0x1000005c   Data           8  rt_robin.o(.data)
    dbg_msg                                  0x10000064   Data           1  hal_cm.o(.data)
    mp_tcb                                   0x10000068   Data         376  rtx_conf_cm.o(.bss)
    mp_stk                                   0x100001e0   Data        1216  rtx_conf_cm.o(.bss)
    os_stack_mem                             0x100006a0   Data         432  rtx_conf_cm.o(.bss)
    os_fifo                                  0x10000850   Data         132  rtx_conf_cm.o(.bss)
    os_active_TCB                            0x100008d4   Data          28  rtx_conf_cm.o(.bss)
    os_messageQ_q_osTimerMessageQ            0x100008f0   Data          32  rtx_conf_cm.o(.bss)
    os_idle_TCB                              0x10000c30   Data          52  rt_task.o(.bss)
    os_rdy                                   0x10000c64   Data          24  rt_list.o(.bss)
    os_dly                                   0x10000c7c   Data          24  rt_list.o(.bss)
    __libspace_start                         0x10000c94   Data          96  libspace.o(.bss)
    __temporary_stack_top$libspace           0x10000cf4   Data           0  libspace.o(.bss)
    __Vectors                                0x1a000000   Data           4  startup_lpc18xx.o(RESET)
    __main                                   0x1a000301   Thumb Code     8  __main.o(!!!main)
    __scatterload                            0x1a000309   Thumb Code     0  __scatter.o(!!!scatter)
    __scatterload_rt2                        0x1a000309   Thumb Code    44  __scatter.o(!!!scatter)
    __scatterload_rt2_thumb_only             0x1a000309   Thumb Code     0  __scatter.o(!!!scatter)
    __scatterload_null                       0x1a000317   Thumb Code     0  __scatter.o(!!!scatter)
    __scatterload_copy                       0x1a00033d   Thumb Code    26  __scatter_copy.o(!!handler_copy)
    __scatterload_zeroinit                   0x1a000359   Thumb Code    28  __scatter_zi.o(!!handler_zi)
    __rt_lib_init                            0x1a000375   Thumb Code     0  libinit.o(.ARM.Collect$$libinit$$00000000)
    __rt_lib_init_alloca_1                   0x1a000377   Thumb Code     0  libinit2.o(.ARM.Collect$$libinit$$0000002C)
    __rt_lib_init_argv_1                     0x1a000377   Thumb Code     0  libinit2.o(.ARM.Collect$$libinit$$0000002A)
    __rt_lib_init_atexit_1                   0x1a000377   Thumb Code     0  libinit2.o(.ARM.Collect$$libinit$$00000019)
    __rt_lib_init_clock_1                    0x1a000377   Thumb Code     0  libinit2.o(.ARM.Collect$$libinit$$0000001F)
    __rt_lib_init_cpp_1                      0x1a000377   Thumb Code     0  libinit2.o(.ARM.Collect$$libinit$$00000030)
    __rt_lib_init_exceptions_1               0x1a000377   Thumb Code     0  libinit2.o(.ARM.Collect$$libinit$$0000002E)
    __rt_lib_init_fp_1                       0x1a000377   Thumb Code     0  libinit2.o(.ARM.Collect$$libinit$$00000002)
    __rt_lib_init_fp_trap_1                  0x1a000377   Thumb Code     0  libinit2.o(.ARM.Collect$$libinit$$0000001D)
    __rt_lib_init_getenv_1                   0x1a000377   Thumb Code     0  libinit2.o(.ARM.Collect$$libinit$$00000021)
    __rt_lib_init_heap_1                     0x1a000377   Thumb Code     0  libinit2.o(.ARM.Collect$$libinit$$00000008)
    __rt_lib_init_lc_collate_1               0x1a000377   Thumb Code     0  libinit2.o(.ARM.Collect$$libinit$$0000000F)
    __rt_lib_init_lc_ctype_1                 0x1a000377   Thumb Code     0  libinit2.o(.ARM.Collect$$libinit$$00000011)
    __rt_lib_init_lc_monetary_1              0x1a000377   Thumb Code     0  libinit2.o(.ARM.Collect$$libinit$$00000013)
    __rt_lib_init_lc_numeric_1               0x1a000377   Thumb Code     0  libinit2.o(.ARM.Collect$$libinit$$00000015)
    __rt_lib_init_lc_time_1                  0x1a000377   Thumb Code     0  libinit2.o(.ARM.Collect$$libinit$$00000017)
    __rt_lib_init_rand_1                     0x1a000377   Thumb Code     0  libinit2.o(.ARM.Collect$$libinit$$0000000C)
    __rt_lib_init_return                     0x1a000377   Thumb Code     0  libinit2.o(.ARM.Collect$$libinit$$00000031)
    __rt_lib_init_signal_1                   0x1a000377   Thumb Code     0  libinit2.o(.ARM.Collect$$libinit$$0000001B)
    __rt_lib_init_stdio_1                    0x1a000377   Thumb Code     0  libinit2.o(.ARM.Collect$$libinit$$00000023)
    __rt_lib_init_user_alloc_1               0x1a000377   Thumb Code     0  libinit2.o(.ARM.Collect$$libinit$$0000000A)
    __rt_lib_shutdown                        0x1a000379   Thumb Code     0  libshutdown.o(.ARM.Collect$$libshutdown$$00000000)
    __rt_lib_shutdown_fp_trap_1              0x1a00037b   Thumb Code     0  libshutdown2.o(.ARM.Collect$$libshutdown$$00000006)
    __rt_lib_shutdown_heap_1                 0x1a00037b   Thumb Code     0  libshutdown2.o(.ARM.Collect$$libshutdown$$0000000E)
    __rt_lib_shutdown_return                 0x1a00037b   Thumb Code     0  libshutdown2.o(.ARM.Collect$$libshutdown$$0000000F)
    __rt_lib_shutdown_signal_1               0x1a00037b   Thumb Code     0  libshutdown2.o(.ARM.Collect$$libshutdown$$00000009)
    __rt_lib_shutdown_stdio_1                0x1a00037b   Thumb Code     0  libshutdown2.o(.ARM.Collect$$libshutdown$$00000003)
    __rt_lib_shutdown_user_alloc_1           0x1a00037b   Thumb Code     0  libshutdown2.o(.ARM.Collect$$libshutdown$$0000000B)
    __rt_exit                                0x1a00037d   Thumb Code     0  rtexit.o(.ARM.Collect$$rtexit$$00000000)
    __rt_exit_ls                             0x1a00037f   Thumb Code     0  rtexit2.o(.ARM.Collect$$rtexit$$00000003)
    __rt_exit_prels_1                        0x1a00037f   Thumb Code     0  rtexit2.o(.ARM.Collect$$rtexit$$00000002)
    __rt_exit_exit                           0x1a000383   Thumb Code     0  rtexit2.o(.ARM.Collect$$rtexit$$00000004)
    __rt_entry                               0x1a000389   Thumb Code    32  rtx_conf_cm.o(.emb_text)
    rt_set_PSP                               0x1a0003ad   Thumb Code     6  hal_cm3.o(.emb_text)
    rt_get_PSP                               0x1a0003b3   Thumb Code     6  hal_cm3.o(.emb_text)
    os_set_env                               0x1a0003b9   Thumb Code    24  hal_cm3.o(.emb_text)
    _alloc_box                               0x1a0003d5   Thumb Code    28  hal_cm3.o(.emb_text)
    _free_box                                0x1a0003f5   Thumb Code    28  hal_cm3.o(.emb_text)
    SVC_Handler                              0x1a000415   Thumb Code   108  hal_cm3.o(.emb_text)
    PendSV_Handler                           0x1a00048d   Thumb Code    56  hal_cm3.o(.emb_text)
    SysTick_Handler                          0x1a0004c9   Thumb Code     8  hal_cm3.o(.emb_text)
    OS_Tick_Handler                          0x1a0004d1   Thumb Code    12  hal_cm3.o(.emb_text)
    Switch_On                                0x1a0004dd   Thumb Code    12  blinky.o(.text)
    Switch_Off                               0x1a0004e9   Thumb Code    12  blinky.o(.text)
    signal_func                              0x1a0004f5   Thumb Code    62  blinky.o(.text)
    phaseA                                   0x1a000533   Thumb Code    40  blinky.o(.text)
    phaseB                                   0x1a00055b   Thumb Code    40  blinky.o(.text)
    phaseC                                   0x1a000583   Thumb Code    40  blinky.o(.text)
    phaseD                                   0x1a0005ab   Thumb Code    40  blinky.o(.text)
    clock                                    0x1a0005d3   Thumb Code    40  blinky.o(.text)
    main                                     0x1a0005fb   Thumb Code    86  blinky.o(.text)
    LED_Initialize                           0x1a000679   Thumb Code    88  led_mcb1800.o(.text)
    LED_Uninitialize                         0x1a0006d1   Thumb Code    36  led_mcb1800.o(.text)
    LED_On                                   0x1a0006f5   Thumb Code    28  led_mcb1800.o(.text)
    LED_Off                                  0x1a000711   Thumb Code    28  led_mcb1800.o(.text)
    LED_SetOut                               0x1a00072d   Thumb Code    40  led_mcb1800.o(.text)
    LED_GetCount                             0x1a000755   Thumb Code     4  led_mcb1800.o(.text)
    os_idle_demon                            0x1a000761   Thumb Code     4  rtx_conf_cm.o(.text)
    os_error                                 0x1a000765   Thumb Code    32  rtx_conf_cm.o(.text)
    __user_perthread_libspace                0x1a000785   Thumb Code    26  rtx_conf_cm.o(.text)
    _mutex_initialize                        0x1a00079f   Thumb Code    34  rtx_conf_cm.o(.text)
    _mutex_acquire                           0x1a0007c1   Thumb Code    26  rtx_conf_cm.o(.text)
    _mutex_release                           0x1a0007db   Thumb Code    22  rtx_conf_cm.o(.text)
    Reset_Handler                            0x1a000809   Thumb Code     8  startup_lpc18xx.o(.text)
    NMI_Handler                              0x1a000811   Thumb Code     2  startup_lpc18xx.o(.text)
    HardFault_Handler                        0x1a000813   Thumb Code     2  startup_lpc18xx.o(.text)
    MemManage_Handler                        0x1a000815   Thumb Code     2  startup_lpc18xx.o(.text)
    BusFault_Handler                         0x1a000817   Thumb Code     2  startup_lpc18xx.o(.text)
    UsageFault_Handler                       0x1a000819   Thumb Code     2  startup_lpc18xx.o(.text)
    DebugMon_Handler                         0x1a00081d   Thumb Code     2  startup_lpc18xx.o(.text)
    ADC0_IRQHandler                          0x1a000823   Thumb Code     0  startup_lpc18xx.o(.text)
    ADC1_IRQHandler                          0x1a000823   Thumb Code     0  startup_lpc18xx.o(.text)
    ATIMER_IRQHandler                        0x1a000823   Thumb Code     0  startup_lpc18xx.o(.text)
    CAN0_IRQHandler                          0x1a000823   Thumb Code     0  startup_lpc18xx.o(.text)
    CAN1_IRQHandler                          0x1a000823   Thumb Code     0  startup_lpc18xx.o(.text)
    DAC_IRQHandler                           0x1a000823   Thumb Code     0  startup_lpc18xx.o(.text)
    DMA_IRQHandler                           0x1a000823   Thumb Code     0  startup_lpc18xx.o(.text)
    ETH_IRQHandler                           0x1a000823   Thumb Code     0  startup_lpc18xx.o(.text)
    EVRT_IRQHandler                          0x1a000823   Thumb Code     0  startup_lpc18xx.o(.text)
    FLASHEEPROM_IRQHandler                   0x1a000823   Thumb Code     0  startup_lpc18xx.o(.text)
    GINT0_IRQHandler                         0x1a000823   Thumb Code     0  startup_lpc18xx.o(.text)
    GINT1_IRQHandler                         0x1a000823   Thumb Code     0  startup_lpc18xx.o(.text)
    GPIO0_IRQHandler                         0x1a000823   Thumb Code     0  startup_lpc18xx.o(.text)
    GPIO1_IRQHandler                         0x1a000823   Thumb Code     0  startup_lpc18xx.o(.text)
    GPIO2_IRQHandler                         0x1a000823   Thumb Code     0  startup_lpc18xx.o(.text)
    GPIO3_IRQHandler                         0x1a000823   Thumb Code     0  startup_lpc18xx.o(.text)
    GPIO4_IRQHandler                         0x1a000823   Thumb Code     0  startup_lpc18xx.o(.text)
    GPIO5_IRQHandler                         0x1a000823   Thumb Code     0  startup_lpc18xx.o(.text)
    GPIO6_IRQHandler                         0x1a000823   Thumb Code     0  startup_lpc18xx.o(.text)
    GPIO7_IRQHandler                         0x1a000823   Thumb Code     0  startup_lpc18xx.o(.text)
    I2C0_IRQHandler                          0x1a000823   Thumb Code     0  startup_lpc18xx.o(.text)
    I2C1_IRQHandler                          0x1a000823   Thumb Code     0  startup_lpc18xx.o(.text)
    I2S0_IRQHandler                          0x1a000823   Thumb Code     0  startup_lpc18xx.o(.text)
    I2S1_IRQHandler                          0x1a000823   Thumb Code     0  startup_lpc18xx.o(.text)
    LCD_IRQHandler                           0x1a000823   Thumb Code     0  startup_lpc18xx.o(.text)
    MCPWM_IRQHandler                         0x1a000823   Thumb Code     0  startup_lpc18xx.o(.text)
    QEI_IRQHandler                           0x1a000823   Thumb Code     0  startup_lpc18xx.o(.text)
    RIT_IRQHandler                           0x1a000823   Thumb Code     0  startup_lpc18xx.o(.text)
    RTC_IRQHandler                           0x1a000823   Thumb Code     0  startup_lpc18xx.o(.text)
    SCT_IRQHandler                           0x1a000823   Thumb Code     0  startup_lpc18xx.o(.text)
    SDIO_IRQHandler                          0x1a000823   Thumb Code     0  startup_lpc18xx.o(.text)
    SSP0_IRQHandler                          0x1a000823   Thumb Code     0  startup_lpc18xx.o(.text)
    SSP1_IRQHandler                          0x1a000823   Thumb Code     0  startup_lpc18xx.o(.text)
    TIMER0_IRQHandler                        0x1a000823   Thumb Code     0  startup_lpc18xx.o(.text)
    TIMER1_IRQHandler                        0x1a000823   Thumb Code     0  startup_lpc18xx.o(.text)
    TIMER2_IRQHandler                        0x1a000823   Thumb Code     0  startup_lpc18xx.o(.text)
    TIMER3_IRQHandler                        0x1a000823   Thumb Code     0  startup_lpc18xx.o(.text)
    UART0_IRQHandler                         0x1a000823   Thumb Code     0  startup_lpc18xx.o(.text)
    UART1_IRQHandler                         0x1a000823   Thumb Code     0  startup_lpc18xx.o(.text)
    UART2_IRQHandler                         0x1a000823   Thumb Code     0  startup_lpc18xx.o(.text)
    UART3_IRQHandler                         0x1a000823   Thumb Code     0  startup_lpc18xx.o(.text)
    USB0_IRQHandler                          0x1a000823   Thumb Code     0  startup_lpc18xx.o(.text)
    USB1_IRQHandler                          0x1a000823   Thumb Code     0  startup_lpc18xx.o(.text)
    WDT_IRQHandler                           0x1a000823   Thumb Code     0  startup_lpc18xx.o(.text)
    __user_initial_stackheap                 0x1a000825   Thumb Code     0  startup_lpc18xx.o(.text)
    SetClock                                 0x1a000849   Thumb Code   390  system_lpc18xx.o(.text)
    SystemInit_ExtMemCtl                     0x1a000a17   Thumb Code  1284  system_lpc18xx.o(.text)
    MeasureFreq                              0x1a000f1b   Thumb Code    94  system_lpc18xx.o(.text)
    GetClkSel                                0x1a000f79   Thumb Code   168  system_lpc18xx.o(.text)
    GetClockFreq                             0x1a001021   Thumb Code   240  system_lpc18xx.o(.text)
    SystemCoreClockUpdate                    0x1a001111   Thumb Code    22  system_lpc18xx.o(.text)
    SystemInit                               0x1a001127   Thumb Code    42  system_lpc18xx.o(.text)
    GPIO_PortClock                           0x1a001161   Thumb Code    62  gpio_lpc18xx.o(.text)
    GPIO_SetDir                              0x1a00119f   Thumb Code    44  gpio_lpc18xx.o(.text)
    GPIO_PinWrite                            0x1a0011cb   Thumb Code    30  gpio_lpc18xx.o(.text)
    GPIO_PinRead                             0x1a0011e9   Thumb Code    24  gpio_lpc18xx.o(.text)
    GPIO_PortWrite                           0x1a001201   Thumb Code    22  gpio_lpc18xx.o(.text)
    GPIO_PortRead                            0x1a001217   Thumb Code    10  gpio_lpc18xx.o(.text)
    SCU_PinConfigure                         0x1a001231   Thumb Code    34  scu_lpc18xx.o(.text)
    SCU_CLK_PinConfigure                     0x1a001253   Thumb Code    22  scu_lpc18xx.o(.text)
    SCU_USB1_PinConfigure                    0x1a001269   Thumb Code    12  scu_lpc18xx.o(.text)
    SCU_I2C_PinConfigure                     0x1a001275   Thumb Code    44  scu_lpc18xx.o(.text)
    SCU_ADC_ChannelPinConfigure              0x1a0012a1   Thumb Code    74  scu_lpc18xx.o(.text)
    SCU_DAC_PinConfigure                     0x1a0012eb   Thumb Code    52  scu_lpc18xx.o(.text)
    SCU_PinInterruptSourceSelect             0x1a00131f   Thumb Code   112  scu_lpc18xx.o(.text)
    __user_libspace                          0x1a00139d   Thumb Code     8  libspace.o(.text)
    __user_perproc_libspace                  0x1a00139d   Thumb Code     0  libspace.o(.text)
    __user_setup_stackheap                   0x1a0013a5   Thumb Code    74  sys_stackheap_outer.o(.text)
    __aeabi_uldivmod                         0x1a0013ef   Thumb Code     0  lludivv7m.o(.text)
    _ll_udiv                                 0x1a0013ef   Thumb Code   238  lludivv7m.o(.text)
    exit                                     0x1a0014dd   Thumb Code    12  exit.o(.text)
    __use_two_region_memory                  0x1a0014e9   Thumb Code     2  heapauxi.o(.text)
    __rt_heap_escrow$2region                 0x1a0014eb   Thumb Code     2  heapauxi.o(.text)
    __rt_heap_expand$2region                 0x1a0014ed   Thumb Code     2  heapauxi.o(.text)
    _sys_exit                                0x1a0014f1   Thumb Code     8  sys_exit.o(.text)
    __I$use$semihosting                      0x1a0014fd   Thumb Code     0  use_no_semi.o(.text)
    __use_no_semihosting_swi                 0x1a0014fd   Thumb Code     2  use_no_semi.o(.text)
    __semihosting_library_function           0x1a0014ff   Thumb Code     0  indicate_semi.o(.text)
    SVC_Count                                0x1a001500   Data           4  svc_table.o(SVC_TABLE)
    GetPLL1Param                             0x1a001505   Thumb Code    68  system_lpc18xx.o(i.GetPLL1Param)
    SVC_Table                                0x1a001504   Data           0  svc_table.o(SVC_TABLE)
    _init_box                                0x1a00154d   Thumb Code    70  rt_membox.o(i._init_box)
    dbg_init                                 0x1a001595   Thumb Code    34  hal_cm.o(i.dbg_init)
    dbg_task_notify                          0x1a0015c5   Thumb Code    32  hal_cm.o(i.dbg_task_notify)
    dbg_task_switch                          0x1a0015e5   Thumb Code    16  hal_cm.o(i.dbg_task_switch)
    isr_evt_set                              0x1a001621   Thumb Code    34  rt_event.o(i.isr_evt_set)
    isr_mbx_receive                          0x1a001649   Thumb Code    80  rt_mailbox.o(i.isr_mbx_receive)
    isr_mbx_send                             0x1a001699   Thumb Code    14  rt_mailbox.o(i.isr_mbx_send)
    osDelay                                  0x1a0016a9   Thumb Code    18  rt_cmsis.o(i.osDelay)
    osKernelInitialize                       0x1a0016c1   Thumb Code    30  rt_cmsis.o(i.osKernelInitialize)
    osKernelStart                            0x1a0016e5   Thumb Code    98  rt_cmsis.o(i.osKernelStart)
    osMessageGet                             0x1a001751   Thumb Code    62  rt_cmsis.o(i.osMessageGet)
    osSignalSet                              0x1a001795   Thumb Code    48  rt_cmsis.o(i.osSignalSet)
    osSignalWait                             0x1a0017c9   Thumb Code    18  rt_cmsis.o(i.osSignalWait)
    osThreadCreate                           0x1a0017e1   Thumb Code    38  rt_cmsis.o(i.osThreadCreate)
    osThreadExit                             0x1a001811   Thumb Code    14  rt_cmsis.o(i.osThreadExit)
    osTimerCall                              0x1a001829   Thumb Code     8  rt_cmsis.o(i.osTimerCall)
    osTimerThread                            0x1a001835   Thumb Code    38  rt_cmsis.o(i.osTimerThread)
    os_tick_init                             0x1a001861   Thumb Code    32  rt_system.o(i.os_tick_init)
    os_tick_irqack                           0x1a001889   Thumb Code     2  rt_system.o(i.os_tick_irqack)
    rt_alloc_box                             0x1a00188b   Thumb Code    26  rt_membox.o(i.rt_alloc_box)
    rt_alloc_mem                             0x1a0018a5   Thumb Code    60  rt_memory.o(i.rt_alloc_mem)
    rt_block                                 0x1a0018e1   Thumb Code    48  rt_task.o(i.rt_block)
    rt_chk_robin                             0x1a001919   Thumb Code    60  rt_robin.o(i.rt_chk_robin)
    rt_dec_dly                               0x1a001961   Thumb Code   102  rt_list.o(i.rt_dec_dly)
    rt_dispatch                              0x1a0019d1   Thumb Code    60  rt_task.o(i.rt_dispatch)
    rt_dly_wait                              0x1a001a15   Thumb Code     6  rt_time.o(i.rt_dly_wait)
    rt_evt_psh                               0x1a001a1d   Thumb Code    76  rt_event.o(i.rt_evt_psh)
    rt_evt_set                               0x1a001a6d   Thumb Code    88  rt_event.o(i.rt_evt_set)
    rt_evt_wait                              0x1a001ac9   Thumb Code    56  rt_event.o(i.rt_evt_wait)
    rt_free_box                              0x1a001b05   Thumb Code    32  rt_membox.o(i.rt_free_box)
    rt_free_mem                              0x1a001b25   Thumb Code    40  rt_memory.o(i.rt_free_mem)
    rt_get_first                             0x1a001b4d   Thumb Code    40  rt_list.o(i.rt_get_first)
    rt_init_mem                              0x1a001bc5   Thumb Code    26  rt_memory.o(i.rt_init_mem)
    rt_init_robin                            0x1a001be1   Thumb Code    14  rt_robin.o(i.rt_init_robin)
    rt_init_stack                            0x1a001bf9   Thumb Code    70  hal_cm.o(i.rt_init_stack)
    rt_mbx_check                             0x1a001c49   Thumb Code     8  rt_mailbox.o(i.rt_mbx_check)
    rt_mbx_init                              0x1a001c51   Thumb Code    28  rt_mailbox.o(i.rt_mbx_init)
    rt_mbx_psh                               0x1a001c6d   Thumb Code   234  rt_mailbox.o(i.rt_mbx_psh)
    rt_mbx_wait                              0x1a001d5d   Thumb Code   172  rt_mailbox.o(i.rt_mbx_wait)
    rt_mut_init                              0x1a001e49   Thumb Code    16  rt_mutex.o(i.rt_mut_init)
    rt_mut_release                           0x1a001e59   Thumb Code   208  rt_mutex.o(i.rt_mut_release)
    rt_mut_wait                              0x1a001f31   Thumb Code   100  rt_mutex.o(i.rt_mut_wait)
    rt_pop_req                               0x1a001f99   Thumb Code   110  rt_system.o(i.rt_pop_req)
    rt_psh_req                               0x1a002015   Thumb Code    22  rt_system.o(i.rt_psh_req)
    rt_psq_enq                               0x1a002035   Thumb Code    82  rt_list.o(i.rt_psq_enq)
    rt_put_dly                               0x1a00208d   Thumb Code    68  rt_list.o(i.rt_put_dly)
    rt_put_prio                              0x1a0020d5   Thumb Code    54  rt_list.o(i.rt_put_prio)
    rt_put_rdy_first                         0x1a00210d   Thumb Code    14  rt_list.o(i.rt_put_rdy_first)
    rt_resort_prio                           0x1a002121   Thumb Code    46  rt_list.o(i.rt_resort_prio)
    rt_ret_val                               0x1a002155   Thumb Code     6  hal_cm.o(i.rt_ret_val)
    rt_ret_val2                              0x1a00215b   Thumb Code     8  hal_cm.o(i.rt_ret_val2)
    rt_rmv_dly                               0x1a002163   Thumb Code    40  rt_list.o(i.rt_rmv_dly)
    rt_rmv_list                              0x1a00218d   Thumb Code    44  rt_list.o(i.rt_rmv_list)
    rt_sem_psh                               0x1a0021bd   Thumb Code    48  rt_semaphore.o(i.rt_sem_psh)
    rt_stk_check                             0x1a0021f1   Thumb Code    28  rt_system.o(i.rt_stk_check)
    rt_switch_req                            0x1a002215   Thumb Code    30  rt_task.o(i.rt_switch_req)
    rt_sys_init                              0x1a00223d   Thumb Code   200  rt_task.o(i.rt_sys_init)
    rt_sys_start                             0x1a002349   Thumb Code    44  rt_task.o(i.rt_sys_start)
    rt_systick                               0x1a00237d   Thumb Code    50  rt_system.o(i.rt_systick)
    rt_tsk_create                            0x1a002409   Thumb Code   116  rt_task.o(i.rt_tsk_create)
    rt_tsk_delete                            0x1a00248d   Thumb Code   342  rt_task.o(i.rt_tsk_delete)
    rt_tsk_prio                              0x1a002601   Thumb Code   108  rt_task.o(i.rt_tsk_prio)
    rt_tsk_self                              0x1a00267d   Thumb Code    12  rt_task.o(i.rt_tsk_self)
    svcDelay                                 0x1a00268d   Thumb Code    20  rt_cmsis.o(i.svcDelay)
    svcKernelInitialize                      0x1a0026a1   Thumb Code    80  rt_cmsis.o(i.svcKernelInitialize)
    svcKernelStart                           0x1a002711   Thumb Code    62  rt_cmsis.o(i.svcKernelStart)
    svcMessageCreate                         0x1a002759   Thumb Code    36  rt_cmsis.o(i.svcMessageCreate)
    svcMessageGet                            0x1a00277d   Thumb Code    58  rt_cmsis.o(i.svcMessageGet)
    svcSignalSet                             0x1a0027b7   Thumb Code    36  rt_cmsis.o(i.svcSignalSet)
    svcSignalWait                            0x1a0027dd   Thumb Code    80  rt_cmsis.o(i.svcSignalWait)
    svcThreadCreate                          0x1a002831   Thumb Code   100  rt_cmsis.o(i.svcThreadCreate)
    svcThreadGetId                           0x1a0028a1   Thumb Code    22  rt_cmsis.o(i.svcThreadGetId)
    svcThreadTerminate                       0x1a0028bd   Thumb Code    50  rt_cmsis.o(i.svcThreadTerminate)
    svcTimerCall                             0x1a0028f5   Thumb Code    24  rt_cmsis.o(i.svcTimerCall)
    sysTimerTick                             0x1a00290d   Thumb Code    76  rt_cmsis.o(i.sysTimerTick)
    os_thread_def_phaseA                     0x1a002960   Data          16  blinky.o(.constdata)
    os_thread_def_phaseB                     0x1a002970   Data          16  blinky.o(.constdata)
    os_thread_def_phaseC                     0x1a002980   Data          16  blinky.o(.constdata)
    os_thread_def_phaseD                     0x1a002990   Data          16  blinky.o(.constdata)
    os_thread_def_clock                      0x1a0029a0   Data          16  blinky.o(.constdata)
    LED_GPIO                                 0x1a0029b0   Data          16  led_mcb1800.o(.constdata)
    LED_PIN                                  0x1a0029c0   Data          64  led_mcb1800.o(.constdata)
    os_maxtaskrun                            0x1a002a00   Data           2  rtx_conf_cm.o(.constdata)
    os_stackinfo                             0x1a002a04   Data           4  rtx_conf_cm.o(.constdata)
    os_rrobin                                0x1a002a08   Data           4  rtx_conf_cm.o(.constdata)
    os_tickfreq                              0x1a002a0c   Data           4  rtx_conf_cm.o(.constdata)
    os_tickus_i                              0x1a002a10   Data           2  rtx_conf_cm.o(.constdata)
    os_tickus_f                              0x1a002a12   Data           2  rtx_conf_cm.o(.constdata)
    os_trv                                   0x1a002a14   Data           4  rtx_conf_cm.o(.constdata)
    os_flags                                 0x1a002a18   Data           1  rtx_conf_cm.o(.constdata)
    CMSIS_RTOS_API_Version                   0x1a002a1c   Data           4  rtx_conf_cm.o(.constdata)
    CMSIS_RTOS_RTX_Version                   0x1a002a20   Data           4  rtx_conf_cm.o(.constdata)
    os_clockrate                             0x1a002a24   Data           4  rtx_conf_cm.o(.constdata)
    os_timernum                              0x1a002a28   Data           4  rtx_conf_cm.o(.constdata)
    mp_tcb_size                              0x1a002a2c   Data           2  rtx_conf_cm.o(.constdata)
    mp_stk_size                              0x1a002a30   Data           4  rtx_conf_cm.o(.constdata)
    os_stack_sz                              0x1a002a34   Data           4  rtx_conf_cm.o(.constdata)
    os_fifo_size                             0x1a002a38   Data           1  rtx_conf_cm.o(.constdata)
    os_thread_def_osTimerThread              0x1a002a3c   Data          16  rtx_conf_cm.o(.constdata)
    os_messageQ_def_osTimerMessageQ          0x1a002a4c   Data           8  rtx_conf_cm.o(.constdata)
    mp_tmr_size                              0x1a002a54   Data           2  rtx_conf_cm.o(.constdata)
    emcdivby2_opc                            0x1a002a56   Data          20  system_lpc18xx.o(.constdata)
    Region$$Table$$Base                      0x1a002a6c   Number         0  anon$$obj.o(Region$$Table)
    Region$$Table$$Limit                     0x1a002a8c   Number         0  anon$$obj.o(Region$$Table)



==============================================================================

Memory Map of the image

  Image Entry point : 0x1a000301

  Load Region LR_IROM1 (Base: 0x1a000000, Size: 0x00002af4, Max: 0x00080000, ABSOLUTE)

    Execution Region RW_IRAM1 (Base: 0x10000000, Size: 0x000012f8, Max: 0x00008000, ABSOLUTE)

    Base Addr    Size         Type   Attr      Idx    E Section Name        Object

    0x10000000   0x00000018   Data   RW            5    .data               blinky.o
    0x10000018   0x00000024   Data   RW           83    .data               rtx_conf_cm.o
    0x1000003c   0x00000004   Data   RW          118    .data               system_lpc18xx.o
    0x10000040   0x00000008   Data   RW          283    .data               RTX_CM3.lib(rt_cmsis.o)
    0x10000048   0x00000008   Data   RW          803    .data               RTX_CM3.lib(rt_task.o)
    0x10000050   0x00000008   Data   RW          918    .data               RTX_CM3.lib(rt_system.o)
    0x10000058   0x00000004   Data   RW         1208    .data               RTX_CM3.lib(rt_time.o)
    0x1000005c   0x00000008   Data   RW         1239    .data               RTX_CM3.lib(rt_robin.o)
    0x10000064   0x00000001   Data   RW         1318    .data               RTX_CM3.lib(hal_cm.o)
    0x10000065   0x00000003   PAD
    0x10000068   0x00000bc8   Zero   RW           81    .bss                rtx_conf_cm.o
    0x10000c30   0x00000034   Zero   RW          802    .bss                RTX_CM3.lib(rt_task.o)
    0x10000c64   0x00000030   Zero   RW         1048    .bss                RTX_CM3.lib(rt_list.o)
    0x10000c94   0x00000060   Zero   RW         1376    .bss                c_w.l(libspace.o)
    0x10000cf4   0x00000004   PAD
    0x10000cf8   0x00000200   Zero   RW          108    HEAP                startup_lpc18xx.o
    0x10000ef8   0x00000400   Zero   RW          107    STACK               startup_lpc18xx.o


    Execution Region ER_IROM1 (Base: 0x1a000000, Size: 0x00002a8c, Max: 0x00080000, ABSOLUTE)

    Base Addr    Size         Type   Attr      Idx    E Section Name        Object

    0x1a000000   0x00000300   Data   RO          109    RESET               startup_lpc18xx.o
    0x1a000300   0x00000008   Code   RO         1387  * !!!main             c_w.l(__main.o)
    0x1a000308   0x00000034   Code   RO         1522    !!!scatter          c_w.l(__scatter.o)
    0x1a00033c   0x0000001a   Code   RO         1524    !!handler_copy      c_w.l(__scatter_copy.o)
    0x1a000356   0x00000002   PAD
    0x1a000358   0x0000001c   Code   RO         1526    !!handler_zi        c_w.l(__scatter_zi.o)
    0x1a000374   0x00000002   Code   RO         1386    .ARM.Collect$$libinit$$00000000  c_w.l(libinit.o)
    0x1a000376   0x00000000   Code   RO         1396    .ARM.Collect$$libinit$$00000002  c_w.l(libinit2.o)
    0x1a000376   0x00000000   Code   RO         1399    .ARM.Collect$$libinit$$00000008  c_w.l(libinit2.o)
    0x1a000376   0x00000000   Code   RO         1401    .ARM.Collect$$libinit$$0000000A  c_w.l(libinit2.o)
    0x1a000376   0x00000000   Code   RO         1403    .ARM.Collect$$libinit$$0000000C  c_w.l(libinit2.o)
    0x1a000376   0x00000000   Code   RO         1406    .ARM.Collect$$libinit$$0000000F  c_w.l(libinit2.o)
    0x1a000376   0x00000000   Code   RO         1408    .ARM.Collect$$libinit$$00000011  c_w.l(libinit2.o)
    0x1a000376   0x00000000   Code   RO         1410    .ARM.Collect$$libinit$$00000013  c_w.l(libinit2.o)
    0x1a000376   0x00000000   Code   RO         1412    .ARM.Collect$$libinit$$00000015  c_w.l(libinit2.o)
    0x1a000376   0x00000000   Code   RO         1414    .ARM.Collect$$libinit$$00000017  c_w.l(libinit2.o)
    0x1a000376   0x00000000   Code   RO         1416    .ARM.Collect$$libinit$$00000019  c_w.l(libinit2.o)
    0x1a000376   0x00000000   Code   RO         1418    .ARM.Collect$$libinit$$0000001B  c_w.l(libinit2.o)
    0x1a000376   0x00000000   Code   RO         1420    .ARM.Collect$$libinit$$0000001D  c_w.l(libinit2.o)
    0x1a000376   0x00000000   Code   RO         1422    .ARM.Collect$$libinit$$0000001F  c_w.l(libinit2.o)
    0x1a000376   0x00000000   Code   RO         1424    .ARM.Collect$$libinit$$00000021  c_w.l(libinit2.o)
    0x1a000376   0x00000000   Code   RO         1426    .ARM.Collect$$libinit$$00000023  c_w.l(libinit2.o)
    0x1a000376   0x00000000   Code   RO         1430    .ARM.Collect$$libinit$$0000002A  c_w.l(libinit2.o)
    0x1a000376   0x00000000   Code   RO         1432    .ARM.Collect$$libinit$$0000002C  c_w.l(libinit2.o)
    0x1a000376   0x00000000   Code   RO         1434    .ARM.Collect$$libinit$$0000002E  c_w.l(libinit2.o)
    0x1a000376   0x00000000   Code   RO         1436    .ARM.Collect$$libinit$$00000030  c_w.l(libinit2.o)
    0x1a000376   0x00000002   Code   RO         1437    .ARM.Collect$$libinit$$00000031  c_w.l(libinit2.o)
    0x1a000378   0x00000002   Code   RO         1463    .ARM.Collect$$libshutdown$$00000000  c_w.l(libshutdown.o)
    0x1a00037a   0x00000000   Code   RO         1483    .ARM.Collect$$libshutdown$$00000003  c_w.l(libshutdown2.o)
    0x1a00037a   0x00000000   Code   RO         1486    .ARM.Collect$$libshutdown$$00000006  c_w.l(libshutdown2.o)
    0x1a00037a   0x00000000   Code   RO         1489    .ARM.Collect$$libshutdown$$00000009  c_w.l(libshutdown2.o)
    0x1a00037a   0x00000000   Code   RO         1491    .ARM.Collect$$libshutdown$$0000000B  c_w.l(libshutdown2.o)
    0x1a00037a   0x00000000   Code   RO         1494    .ARM.Collect$$libshutdown$$0000000E  c_w.l(libshutdown2.o)
    0x1a00037a   0x00000002   Code   RO         1495    .ARM.Collect$$libshutdown$$0000000F  c_w.l(libshutdown2.o)
    0x1a00037c   0x00000002   Code   RO         1389    .ARM.Collect$$rtexit$$00000000  c_w.l(rtexit.o)
    0x1a00037e   0x00000000   Code   RO         1439    .ARM.Collect$$rtexit$$00000002  c_w.l(rtexit2.o)
    0x1a00037e   0x00000004   Code   RO         1440    .ARM.Collect$$rtexit$$00000003  c_w.l(rtexit2.o)
    0x1a000382   0x00000006   Code   RO         1441    .ARM.Collect$$rtexit$$00000004  c_w.l(rtexit2.o)
    0x1a000388   0x00000024   Code   RO           79    .emb_text           rtx_conf_cm.o
    0x1a0003ac   0x00000130   Code   RO         1360    .emb_text           RTX_CM3.lib(hal_cm3.o)
    0x1a0004dc   0x0000019c   Code   RO            3    .text               blinky.o
    0x1a000678   0x000000e8   Code   RO           58    .text               led_mcb1800.o
    0x1a000760   0x000000a8   Code   RO           80    .text               rtx_conf_cm.o
    0x1a000808   0x00000040   Code   RO          110    .text               startup_lpc18xx.o
    0x1a000848   0x00000918   Code   RO          116    .text               system_lpc18xx.o
    0x1a001160   0x000000d0   Code   RO          152    .text               gpio_lpc18xx.o
    0x1a001230   0x0000016c   Code   RO          172    .text               scu_lpc18xx.o
    0x1a00139c   0x00000008   Code   RO         1375    .text               c_w.l(libspace.o)
    0x1a0013a4   0x0000004a   Code   RO         1378    .text               c_w.l(sys_stackheap_outer.o)
    0x1a0013ee   0x000000ee   Code   RO         1380    .text               c_w.l(lludivv7m.o)
    0x1a0014dc   0x0000000c   Code   RO         1382    .text               c_w.l(exit.o)
    0x1a0014e8   0x00000006   Code   RO         1384    .text               c_w.l(heapauxi.o)
    0x1a0014ee   0x00000002   PAD
    0x1a0014f0   0x0000000c   Code   RO         1451    .text               c_w.l(sys_exit.o)
    0x1a0014fc   0x00000002   Code   RO         1466    .text               c_w.l(use_no_semi.o)
    0x1a0014fe   0x00000000   Code   RO         1468    .text               c_w.l(indicate_semi.o)
    0x1a0014fe   0x00000002   PAD
    0x1a001500   0x00000004   Code   RO         1370    SVC_TABLE           RTX_CM3.lib(svc_table.o)
    0x1a001504   0x00000048   Code   RO          135    i.GetPLL1Param      system_lpc18xx.o
    0x1a00154c   0x00000046   Code   RO         1259    i._init_box         RTX_CM3.lib(rt_membox.o)
    0x1a001592   0x00000002   PAD
    0x1a001594   0x00000030   Code   RO         1312    i.dbg_init          RTX_CM3.lib(hal_cm.o)
    0x1a0015c4   0x00000020   Code   RO         1313    i.dbg_task_notify   RTX_CM3.lib(hal_cm.o)
    0x1a0015e4   0x00000010   Code   RO         1314    i.dbg_task_switch   RTX_CM3.lib(hal_cm.o)
    0x1a0015f4   0x0000002c   Code   RO          192    i.isrMessagePut     RTX_CM3.lib(rt_cmsis.o)
    0x1a001620   0x00000028   Code   RO          996    i.isr_evt_set       RTX_CM3.lib(rt_event.o)
    0x1a001648   0x00000050   Code   RO         1114    i.isr_mbx_receive   RTX_CM3.lib(rt_mailbox.o)
    0x1a001698   0x0000000e   Code   RO         1115    i.isr_mbx_send      RTX_CM3.lib(rt_mailbox.o)
    0x1a0016a6   0x00000002   PAD
    0x1a0016a8   0x00000018   Code   RO          193    i.osDelay           RTX_CM3.lib(rt_cmsis.o)
    0x1a0016c0   0x00000024   Code   RO          194    i.osKernelInitialize  RTX_CM3.lib(rt_cmsis.o)
    0x1a0016e4   0x0000006c   Code   RO          196    i.osKernelStart     RTX_CM3.lib(rt_cmsis.o)
    0x1a001750   0x00000044   Code   RO          205    i.osMessageGet      RTX_CM3.lib(rt_cmsis.o)
    0x1a001794   0x00000034   Code   RO          220    i.osSignalSet       RTX_CM3.lib(rt_cmsis.o)
    0x1a0017c8   0x00000018   Code   RO          221    i.osSignalWait      RTX_CM3.lib(rt_cmsis.o)
    0x1a0017e0   0x00000030   Code   RO          222    i.osThreadCreate    RTX_CM3.lib(rt_cmsis.o)
    0x1a001810   0x00000018   Code   RO          223    i.osThreadExit      RTX_CM3.lib(rt_cmsis.o)
    0x1a001828   0x0000000c   Code   RO          229    i.osTimerCall       RTX_CM3.lib(rt_cmsis.o)
    0x1a001834   0x0000002c   Code   RO          234    i.osTimerThread     RTX_CM3.lib(rt_cmsis.o)
    0x1a001860   0x00000028   Code   RO          906    i.os_tick_init      RTX_CM3.lib(rt_system.o)
    0x1a001888   0x00000002   Code   RO          907    i.os_tick_irqack    RTX_CM3.lib(rt_system.o)
    0x1a00188a   0x0000001a   Code   RO         1260    i.rt_alloc_box      RTX_CM3.lib(rt_membox.o)
    0x1a0018a4   0x0000003c   Code   RO         1288    i.rt_alloc_mem      RTX_CM3.lib(rt_memory.o)
    0x1a0018e0   0x00000038   Code   RO          791    i.rt_block          RTX_CM3.lib(rt_task.o)
    0x1a001918   0x00000048   Code   RO         1237    i.rt_chk_robin      RTX_CM3.lib(rt_robin.o)
    0x1a001960   0x00000070   Code   RO         1038    i.rt_dec_dly        RTX_CM3.lib(rt_list.o)
    0x1a0019d0   0x00000044   Code   RO          792    i.rt_dispatch       RTX_CM3.lib(rt_task.o)
    0x1a001a14   0x00000006   Code   RO         1204    i.rt_dly_wait       RTX_CM3.lib(rt_time.o)
    0x1a001a1a   0x00000002   PAD
    0x1a001a1c   0x00000050   Code   RO          999    i.rt_evt_psh        RTX_CM3.lib(rt_event.o)
    0x1a001a6c   0x0000005c   Code   RO         1000    i.rt_evt_set        RTX_CM3.lib(rt_event.o)
    0x1a001ac8   0x0000003c   Code   RO         1001    i.rt_evt_wait       RTX_CM3.lib(rt_event.o)
    0x1a001b04   0x00000020   Code   RO         1261    i.rt_free_box       RTX_CM3.lib(rt_membox.o)
    0x1a001b24   0x00000028   Code   RO         1289    i.rt_free_mem       RTX_CM3.lib(rt_memory.o)
    0x1a001b4c   0x00000028   Code   RO         1039    i.rt_get_first      RTX_CM3.lib(rt_list.o)
    0x1a001b74   0x00000008   Code   RO          239    i.rt_id2obj         RTX_CM3.lib(rt_cmsis.o)
    0x1a001b7c   0x00000048   Code   RO          793    i.rt_init_context   RTX_CM3.lib(rt_task.o)
    0x1a001bc4   0x0000001a   Code   RO         1290    i.rt_init_mem       RTX_CM3.lib(rt_memory.o)
    0x1a001bde   0x00000002   PAD
    0x1a001be0   0x00000018   Code   RO         1238    i.rt_init_robin     RTX_CM3.lib(rt_robin.o)
    0x1a001bf8   0x00000050   Code   RO         1315    i.rt_init_stack     RTX_CM3.lib(hal_cm.o)
    0x1a001c48   0x00000008   Code   RO         1116    i.rt_mbx_check      RTX_CM3.lib(rt_mailbox.o)
    0x1a001c50   0x0000001c   Code   RO         1117    i.rt_mbx_init       RTX_CM3.lib(rt_mailbox.o)
    0x1a001c6c   0x000000f0   Code   RO         1118    i.rt_mbx_psh        RTX_CM3.lib(rt_mailbox.o)
    0x1a001d5c   0x000000b0   Code   RO         1120    i.rt_mbx_wait       RTX_CM3.lib(rt_mailbox.o)
    0x1a001e0c   0x0000003c   Code   RO          240    i.rt_ms2tick        RTX_CM3.lib(rt_cmsis.o)
    0x1a001e48   0x00000010   Code   RO          876    i.rt_mut_init       RTX_CM3.lib(rt_mutex.o)
    0x1a001e58   0x000000d8   Code   RO          877    i.rt_mut_release    RTX_CM3.lib(rt_mutex.o)
    0x1a001f30   0x00000068   Code   RO          878    i.rt_mut_wait       RTX_CM3.lib(rt_mutex.o)
    0x1a001f98   0x0000007c   Code   RO          910    i.rt_pop_req        RTX_CM3.lib(rt_system.o)
    0x1a002014   0x00000020   Code   RO          911    i.rt_psh_req        RTX_CM3.lib(rt_system.o)
    0x1a002034   0x00000058   Code   RO         1041    i.rt_psq_enq        RTX_CM3.lib(rt_list.o)
    0x1a00208c   0x00000048   Code   RO         1042    i.rt_put_dly        RTX_CM3.lib(rt_list.o)
    0x1a0020d4   0x00000036   Code   RO         1043    i.rt_put_prio       RTX_CM3.lib(rt_list.o)
    0x1a00210a   0x00000002   PAD
    0x1a00210c   0x00000014   Code   RO         1044    i.rt_put_rdy_first  RTX_CM3.lib(rt_list.o)
    0x1a002120   0x00000034   Code   RO         1045    i.rt_resort_prio    RTX_CM3.lib(rt_list.o)
    0x1a002154   0x00000006   Code   RO         1316    i.rt_ret_val        RTX_CM3.lib(hal_cm.o)
    0x1a00215a   0x00000008   Code   RO         1317    i.rt_ret_val2       RTX_CM3.lib(hal_cm.o)
    0x1a002162   0x00000028   Code   RO         1046    i.rt_rmv_dly        RTX_CM3.lib(rt_list.o)
    0x1a00218a   0x00000002   PAD
    0x1a00218c   0x00000030   Code   RO         1047    i.rt_rmv_list       RTX_CM3.lib(rt_list.o)
    0x1a0021bc   0x00000034   Code   RO         1165    i.rt_sem_psh        RTX_CM3.lib(rt_semaphore.o)
    0x1a0021f0   0x00000024   Code   RO          913    i.rt_stk_check      RTX_CM3.lib(rt_system.o)
    0x1a002214   0x00000028   Code   RO          794    i.rt_switch_req     RTX_CM3.lib(rt_task.o)
    0x1a00223c   0x0000010c   Code   RO          795    i.rt_sys_init       RTX_CM3.lib(rt_task.o)
    0x1a002348   0x00000034   Code   RO          796    i.rt_sys_start      RTX_CM3.lib(rt_task.o)
    0x1a00237c   0x00000040   Code   RO          915    i.rt_systick        RTX_CM3.lib(rt_system.o)
    0x1a0023bc   0x00000012   Code   RO          241    i.rt_tid2ptcb       RTX_CM3.lib(rt_cmsis.o)
    0x1a0023ce   0x00000002   PAD
    0x1a0023d0   0x00000038   Code   RO          242    i.rt_timer_insert   RTX_CM3.lib(rt_cmsis.o)
    0x1a002408   0x00000084   Code   RO          797    i.rt_tsk_create     RTX_CM3.lib(rt_task.o)
    0x1a00248c   0x00000174   Code   RO          798    i.rt_tsk_delete     RTX_CM3.lib(rt_task.o)
    0x1a002600   0x0000007c   Code   RO          800    i.rt_tsk_prio       RTX_CM3.lib(rt_task.o)
    0x1a00267c   0x00000010   Code   RO          801    i.rt_tsk_self       RTX_CM3.lib(rt_task.o)
    0x1a00268c   0x00000014   Code   RO          244    i.svcDelay          RTX_CM3.lib(rt_cmsis.o)
    0x1a0026a0   0x00000070   Code   RO          245    i.svcKernelInitialize  RTX_CM3.lib(rt_cmsis.o)
    0x1a002710   0x00000048   Code   RO          247    i.svcKernelStart    RTX_CM3.lib(rt_cmsis.o)
    0x1a002758   0x00000024   Code   RO          250    i.svcMessageCreate  RTX_CM3.lib(rt_cmsis.o)
    0x1a00277c   0x0000003a   Code   RO          251    i.svcMessageGet     RTX_CM3.lib(rt_cmsis.o)
    0x1a0027b6   0x00000024   Code   RO          263    i.svcSignalSet      RTX_CM3.lib(rt_cmsis.o)
    0x1a0027da   0x00000002   PAD
    0x1a0027dc   0x00000054   Code   RO          264    i.svcSignalWait     RTX_CM3.lib(rt_cmsis.o)
    0x1a002830   0x00000070   Code   RO          265    i.svcThreadCreate   RTX_CM3.lib(rt_cmsis.o)
    0x1a0028a0   0x0000001c   Code   RO          266    i.svcThreadGetId    RTX_CM3.lib(rt_cmsis.o)
    0x1a0028bc   0x00000038   Code   RO          269    i.svcThreadTerminate  RTX_CM3.lib(rt_cmsis.o)
    0x1a0028f4   0x00000018   Code   RO          271    i.svcTimerCall      RTX_CM3.lib(rt_cmsis.o)
    0x1a00290c   0x00000054   Code   RO          280    i.sysTimerTick      RTX_CM3.lib(rt_cmsis.o)
    0x1a002960   0x00000050   Data   RO            4    .constdata          blinky.o
    0x1a0029b0   0x00000050   Data   RO           59    .constdata          led_mcb1800.o
    0x1a002a00   0x00000056   Data   RO           82    .constdata          rtx_conf_cm.o
    0x1a002a56   0x00000014   Data   RO          117    .constdata          system_lpc18xx.o
    0x1a002a6a   0x00000002   PAD
    0x1a002a6c   0x00000020   Data   RO         1520    Region$$Table       anon$$obj.o


==============================================================================

Image component sizes


      Code (inc. data)   RO Data    RW Data    ZI Data      Debug   Object Name

       412         40         80         24          0      10976   blinky.o
       208         16          0          0          0       1717   gpio_lpc18xx.o
       232          8         80          0          0       4956   led_mcb1800.o
       204         30         86         36       3016       8418   rtx_conf_cm.o
       364         14          0          0          0       2353   scu_lpc18xx.o
        64         26        768          0       1536        772   startup_lpc18xx.o
      2400        200         20          4          0       6695   system_lpc18xx.o

    ----------------------------------------------------------------------
      3884        334       1068         64       4552      35887   Object Totals
         0          0         32          0          0          0   (incl. Generated)
         0          0          2          0          0          0   (incl. Padding)

    ----------------------------------------------------------------------

      Code (inc. data)   RO Data    RW Data    ZI Data      Debug   Library Member Name

       190         24          0          1          0       2480   hal_cm.o
       304         36          0          0          0        692   hal_cm3.o
      1348        162          0          8          0      29563   rt_cmsis.o
       272         18          0          0          0       2038   rt_event.o
       526         36          0          0         48       6637   rt_list.o
       546         10          0          0          0       2997   rt_mailbox.o
       128          0          0          0          0       1477   rt_membox.o
       126          0          0          0          0       1791   rt_memory.o
       336         12          0          0          0       1645   rt_mutex.o
        96         22          0          8          0        954   rt_robin.o
        52          4          0          0          0        449   rt_semaphore.o
       298         54          0          8          0       5379   rt_system.o
      1200        174          0          8         52       7929   rt_task.o
         6          0          0          4          0        500   rt_time.o
         4          4          0          0          0        132   svc_table.o
         8          0          0          0          0         68   __main.o
        52          8          0          0          0          0   __scatter.o
        26          0          0          0          0          0   __scatter_copy.o
        28          0          0          0          0          0   __scatter_zi.o
        12          0          0          0          0         72   exit.o
         6          0          0          0          0        152   heapauxi.o
         0          0          0          0          0          0   indicate_semi.o
         2          0          0          0          0          0   libinit.o
         2          0          0          0          0          0   libinit2.o
         2          0          0          0          0          0   libshutdown.o
         2          0          0          0          0          0   libshutdown2.o
         8          4          0          0         96         68   libspace.o
       238          0          0          0          0        100   lludivv7m.o
         2          0          0          0          0          0   rtexit.o
        10          0          0          0          0          0   rtexit2.o
        12          4          0          0          0         68   sys_exit.o
        74          0          0          0          0         80   sys_stackheap_outer.o
         2          0          0          0          0         68   use_no_semi.o

    ----------------------------------------------------------------------
      5940        572          0         40        200      65339   Library Totals
        22          0          0          3          4          0   (incl. Padding)

    ----------------------------------------------------------------------

      Code (inc. data)   RO Data    RW Data    ZI Data      Debug   Library Name

      5432        556          0         37        100      64663   RTX_CM3.lib
       486         16          0          0         96        676   c_w.l

    ----------------------------------------------------------------------
      5940        572          0         40        200      65339   Library Totals

    ----------------------------------------------------------------------

==============================================================================


      Code (inc. data)   RO Data    RW Data    ZI Data      Debug   

      9824        906       1068        104       4752      96438   Grand Totals
      9824        906       1068        104       4752      96438   ELF Image Totals
      9824        906       1068        104          0          0   ROM Totals

==============================================================================

    Total RO  Size (Code + RO Data)                10892 (  10.64kB)
    Total RW  Size (RW Data + ZI Data)              4856 (   4.74kB)
    Total ROM Size (Code + RO Data + RW Data)      10996 (  10.74kB)

==============================================================================

